Archive member included to satisfy reference by file (symbol)

/Applications/MCUXpressoIDE_11.9.0_2144/ide/plugins/com.nxp.mcuxpresso.tools.macosx_11.9.0.202307121226/tools/bin/../lib/gcc/arm-none-eabi/12.3.1/../../../../arm-none-eabi/lib/thumb/v7e-m+fp/hard/libcr_semihost_nf.a(_cr__main.o)
                              ./startup/startup_mk64f12.o (__main)
/Applications/MCUXpressoIDE_11.9.0_2144/ide/plugins/com.nxp.mcuxpresso.tools.macosx_11.9.0.202307121226/tools/bin/../lib/gcc/arm-none-eabi/12.3.1/../../../../arm-none-eabi/lib/thumb/v7e-m+fp/hard/libcr_semihost_nf.a(_cr_assert.o)
                              ./source/gpio.o (__assertion_failed)
/Applications/MCUXpressoIDE_11.9.0_2144/ide/plugins/com.nxp.mcuxpresso.tools.macosx_11.9.0.202307121226/tools/bin/../lib/gcc/arm-none-eabi/12.3.1/../../../../arm-none-eabi/lib/thumb/v7e-m+fp/hard/libcr_semihost_nf.a(__ciob.o)
                              /Applications/MCUXpressoIDE_11.9.0_2144/ide/plugins/com.nxp.mcuxpresso.tools.macosx_11.9.0.202307121226/tools/bin/../lib/gcc/arm-none-eabi/12.3.1/../../../../arm-none-eabi/lib/thumb/v7e-m+fp/hard/libcr_semihost_nf.a(_cr_assert.o) (__Ciob)
/Applications/MCUXpressoIDE_11.9.0_2144/ide/plugins/com.nxp.mcuxpresso.tools.macosx_11.9.0.202307121226/tools/bin/../lib/gcc/arm-none-eabi/12.3.1/../../../../arm-none-eabi/lib/thumb/v7e-m+fp/hard/libcr_semihost_nf.a(__sys_appexit.o)
                              /Applications/MCUXpressoIDE_11.9.0_2144/ide/plugins/com.nxp.mcuxpresso.tools.macosx_11.9.0.202307121226/tools/bin/../lib/gcc/arm-none-eabi/12.3.1/../../../../arm-none-eabi/lib/thumb/v7e-m+fp/hard/libcr_semihost_nf.a(_cr_assert.o) (__sys_appexit)
/Applications/MCUXpressoIDE_11.9.0_2144/ide/plugins/com.nxp.mcuxpresso.tools.macosx_11.9.0.202307121226/tools/bin/../lib/gcc/arm-none-eabi/12.3.1/../../../../arm-none-eabi/lib/thumb/v7e-m+fp/hard/libcr_c.a(memcpy.o)
                              ./utilities/fsl_str.o (memcpy)
/Applications/MCUXpressoIDE_11.9.0_2144/ide/plugins/com.nxp.mcuxpresso.tools.macosx_11.9.0.202307121226/tools/bin/../lib/gcc/arm-none-eabi/12.3.1/../../../../arm-none-eabi/lib/thumb/v7e-m+fp/hard/libcr_c.a(memset.o)
                              ./drivers/fsl_adc16.o (memset)
/Applications/MCUXpressoIDE_11.9.0_2144/ide/plugins/com.nxp.mcuxpresso.tools.macosx_11.9.0.202307121226/tools/bin/../lib/gcc/arm-none-eabi/12.3.1/../../../../arm-none-eabi/lib/thumb/v7e-m+fp/hard/libcr_c.a(_deferredlazyseek.o)
                              /Applications/MCUXpressoIDE_11.9.0_2144/ide/plugins/com.nxp.mcuxpresso.tools.macosx_11.9.0.202307121226/tools/bin/../lib/gcc/arm-none-eabi/12.3.1/../../../../arm-none-eabi/lib/thumb/v7e-m+fp/hard/libcr_semihost_nf.a(_cr_assert.o) (__flsbuf)
/Applications/MCUXpressoIDE_11.9.0_2144/ide/plugins/com.nxp.mcuxpresso.tools.macosx_11.9.0.202307121226/tools/bin/../lib/gcc/arm-none-eabi/12.3.1/../../../../arm-none-eabi/lib/thumb/v7e-m+fp/hard/libcr_c.a(_fflush.o)
                              /Applications/MCUXpressoIDE_11.9.0_2144/ide/plugins/com.nxp.mcuxpresso.tools.macosx_11.9.0.202307121226/tools/bin/../lib/gcc/arm-none-eabi/12.3.1/../../../../arm-none-eabi/lib/thumb/v7e-m+fp/hard/libcr_c.a(_deferredlazyseek.o) (_fflush)
/Applications/MCUXpressoIDE_11.9.0_2144/ide/plugins/com.nxp.mcuxpresso.tools.macosx_11.9.0.202307121226/tools/bin/../lib/gcc/arm-none-eabi/12.3.1/../../../../arm-none-eabi/lib/thumb/v7e-m+fp/hard/libcr_c.a(_writebuf.o)
                              /Applications/MCUXpressoIDE_11.9.0_2144/ide/plugins/com.nxp.mcuxpresso.tools.macosx_11.9.0.202307121226/tools/bin/../lib/gcc/arm-none-eabi/12.3.1/../../../../arm-none-eabi/lib/thumb/v7e-m+fp/hard/libcr_c.a(_deferredlazyseek.o) (_Cwritebuf)
/Applications/MCUXpressoIDE_11.9.0_2144/ide/plugins/com.nxp.mcuxpresso.tools.macosx_11.9.0.202307121226/tools/bin/../lib/gcc/arm-none-eabi/12.3.1/../../../../arm-none-eabi/lib/thumb/v7e-m+fp/hard/libcr_c.a(alloc.o)
                              ./drivers/fsl_common.o (malloc)
/Applications/MCUXpressoIDE_11.9.0_2144/ide/plugins/com.nxp.mcuxpresso.tools.macosx_11.9.0.202307121226/tools/bin/../lib/gcc/arm-none-eabi/12.3.1/../../../../arm-none-eabi/lib/thumb/v7e-m+fp/hard/libcr_c.a(errno.o)
                              ./utilities/fsl_str.o (errno)
/Applications/MCUXpressoIDE_11.9.0_2144/ide/plugins/com.nxp.mcuxpresso.tools.macosx_11.9.0.202307121226/tools/bin/../lib/gcc/arm-none-eabi/12.3.1/../../../../arm-none-eabi/lib/thumb/v7e-m+fp/hard/libcr_c.a(fputs.o)
                              /Applications/MCUXpressoIDE_11.9.0_2144/ide/plugins/com.nxp.mcuxpresso.tools.macosx_11.9.0.202307121226/tools/bin/../lib/gcc/arm-none-eabi/12.3.1/../../../../arm-none-eabi/lib/thumb/v7e-m+fp/hard/libcr_semihost_nf.a(_cr_assert.o) (fputs)
/Applications/MCUXpressoIDE_11.9.0_2144/ide/plugins/com.nxp.mcuxpresso.tools.macosx_11.9.0.202307121226/tools/bin/../lib/gcc/arm-none-eabi/12.3.1/../../../../arm-none-eabi/lib/thumb/v7e-m+fp/hard/libcr_c.a(fseek.o)
[...]
Memory Configuration

Name             Origin             Length             Attributes
PROGRAM_FLASH    0x00000000         0x00100000         xr
SRAM_UPPER       0x20000000         0x00030000         xrw
SRAM_LOWER       0x1fff0000         0x00010000         xrw
FLEX_RAM         0x14000000         0x00001000         xrw
*default*        0x00000000         0xffffffff

Linker script and memory map

LOAD ./utilities/fsl_debug_console.o
LOAD ./utilities/fsl_str.o
LOAD ./startup/startup_mk64f12.o
LOAD ./source/accelerometer.o
LOAD ./source/gpio.o
LOAD ./source/i2c.o
LOAD ./source/main.o
LOAD ./source/semihost_hardfault.o
LOAD ./drivers/fsl_adc16.o
LOAD ./drivers/fsl_clock.o
LOAD ./drivers/fsl_cmp.o
LOAD ./drivers/fsl_cmt.o
LOAD ./drivers/fsl_common.o
LOAD ./drivers/fsl_common_arm.o
LOAD ./drivers/fsl_crc.o
LOAD ./drivers/fsl_dac.o
LOAD ./drivers/fsl_dmamux.o
LOAD ./drivers/fsl_dspi.o
LOAD ./drivers/fsl_dspi_edma.o
LOAD ./drivers/fsl_edma.o
LOAD ./drivers/fsl_enet.o
LOAD ./drivers/fsl_ewm.o
LOAD ./drivers/fsl_flexbus.o
LOAD ./drivers/fsl_flexcan.o
LOAD ./drivers/fsl_ftfx_cache.o
LOAD ./drivers/fsl_ftfx_controller.o
LOAD ./drivers/fsl_ftfx_flash.o
LOAD ./drivers/fsl_ftfx_flexnvm.o
LOAD ./drivers/fsl_ftm.o
LOAD ./drivers/fsl_gpio.o
LOAD ./drivers/fsl_i2c.o
LOAD ./drivers/fsl_i2c_edma.o
LOAD ./drivers/fsl_llwu.o
LOAD ./drivers/fsl_lptmr.o
LOAD ./drivers/fsl_pdb.o
LOAD ./drivers/fsl_pit.o
LOAD ./drivers/fsl_pmc.o
LOAD ./drivers/fsl_rcm.o
LOAD ./drivers/fsl_rnga.o
LOAD ./drivers/fsl_rtc.o
LOAD ./drivers/fsl_sai.o
LOAD ./drivers/fsl_sai_edma.o
LOAD ./drivers/fsl_sdhc.o
LOAD ./drivers/fsl_sim.o
LOAD ./drivers/fsl_smc.o
LOAD ./drivers/fsl_sysmpu.o
LOAD ./drivers/fsl_uart.o
LOAD ./drivers/fsl_uart_edma.o
LOAD ./drivers/fsl_vref.o
LOAD ./drivers/fsl_wdog.o
LOAD ./device/system_MK64F12.o
LOAD ./component/uart/fsl_adapter_uart.o
LOAD ./component/serial_manager/fsl_component_serial_manager.o
LOAD ./component/serial_manager/fsl_component_serial_port_uart.o
LOAD ./component/lists/fsl_component_generic_list.o
LOAD ./board/board.o
LOAD ./board/clock_config.o
LOAD ./board/peripherals.o
LOAD ./board/pin_mux.o
START GROUP
LOAD /Applications/MCUXpressoIDE_11.9.0_2144/ide/plugins/com.nxp.mcuxpresso.tools.macosx_11.9.0.202307121226/tools/bin/../lib/gcc/arm-none-eabi/12.3.1/../../../../arm-none-eabi/lib/thumb/v7e-m+fp/hard/libcr_semihost_nf.a
LOAD /Applications/MCUXpressoIDE_11.9.0_2144/ide/plugins/com.nxp.mcuxpresso.tools.macosx_11.9.0.202307121226/tools/bin/../lib/gcc/arm-none-eabi/12.3.1/../../../../arm-none-eabi/lib/thumb/v7e-m+fp/hard/libcr_c.a
LOAD /Applications/MCUXpressoIDE_11.9.0_2144/ide/plugins/com.nxp.mcuxpresso.tools.macosx_11.9.0.202307121226/tools/bin/../lib/gcc/arm-none-eabi/12.3.1/thumb/v7e-m+fp/hard/libcr_eabihelpers.a
LOAD /Applications/MCUXpressoIDE_11.9.0_2144/ide/plugins/com.nxp.mcuxpresso.tools.macosx_11.9.0.202307121226/tools/bin/../lib/gcc/arm-none-eabi/12.3.1/thumb/v7e-m+fp/hard/libgcc.a
END GROUP
                0x00000000                        __base_PROGRAM_FLASH = 0x0
                0x00000000                        __base_Flash = 0x0
                0x00100000                        __top_PROGRAM_FLASH = 0x100000
                0x00100000                        __top_Flash = 0x100000
                0x20000000                        __base_SRAM_UPPER = 0x20000000
                0x20000000                        __base_RAM = 0x20000000
                0x20030000                        __top_SRAM_UPPER = 0x20030000
                0x20030000                        __top_RAM = 0x20030000
                0x1fff0000                        __base_SRAM_LOWER = 0x1fff0000
                0x1fff0000                        __base_RAM2 = 0x1fff0000
                0x20000000                        __top_SRAM_LOWER = 0x20000000
                0x20000000                        __top_RAM2 = 0x20000000
                0x14000000                        __base_FLEX_RAM = 0x14000000
                0x14000000                        __base_RAM3 = 0x14000000
                0x14001000                        __top_FLEX_RAM = 0x14001000
                0x14001000                        __top_RAM3 = 0x14001000

.text           0x00000000     0x43c8
 FILL mask 0xff
                0x00000000                        __vectors_start__ = ABSOLUTE (.)
 *(SORT_BY_ALIGNMENT(.isr_vector))
 .isr_vector    0x00000000      0x198 ./startup/startup_mk64f12.o
                0x00000000                __Vectors
                0x00000000                g_pfnVectors
                0x00000198                        . = ALIGN (0x4)
                0x00000198                        __section_table_start = .
                0x00000198                        __data_section_table = .
                0x00000198        0x4 LONG 0x43c8 LOADADDR (.data)
                0x0000019c        0x4 LONG 0x20000000 ADDR (.data)
                0x000001a0        0x4 LONG 0x8 SIZEOF (.data)
                0x000001a4        0x4 LONG 0x43c8 LOADADDR (.data_RAM2)
                0x000001a8        0x4 LONG 0x1fff0000 ADDR (.data_RAM2)
                0x000001ac        0x4 LONG 0x0 SIZEOF (.data_RAM2)
                0x000001b0        0x4 LONG 0x43c8 LOADADDR (.data_RAM3)
                0x000001b4        0x4 LONG 0x14000000 ADDR (.data_RAM3)
                0x000001b8        0x4 LONG 0x0 SIZEOF (.data_RAM3)
                0x000001bc                        __data_section_table_end = .
                0x000001bc                        __bss_section_table = .
                0x000001bc        0x4 LONG 0x20000008 ADDR (.bss)
                0x000001c0        0x4 LONG 0x1c0 SIZEOF (.bss)
                0x000001c4        0x4 LONG 0x1fff0000 ADDR (.bss_RAM2)
                0x000001c8        0x4 LONG 0x0 SIZEOF (.bss_RAM2)
                0x000001cc        0x4 LONG 0x14000000 ADDR (.bss_RAM3)
                0x000001d0        0x4 LONG 0x0 SIZEOF (.bss_RAM3)
                0x000001d4                        __bss_section_table_end = .
                0x000001d4                        __section_table_end = .
 *(SORT_BY_ALIGNMENT(.after_vectors*))
 .after_vectors.reset
                0x000001d4       0x4c ./startup/startup_mk64f12.o
                0x000001d4                ResetISR
 .after_vectors.init_data
                0x00000220       0x1e ./startup/startup_mk64f12.o
                0x00000220                data_init
 .after_vectors.init_bss
                0x0000023e       0x12 ./startup/startup_mk64f12.o
                0x0000023e                bss_init
 .after_vectors
                0x00000250       0x14 ./startup/startup_mk64f12.o
                0x00000250                NMI_Handler
                0x00000254                MemManage_Handler
                0x00000256                BusFault_Handler
                0x00000258                UsageFault_Handler
                0x0000025a                SVC_Handler
                0x0000025c                DebugMon_Handler
                0x0000025e                PendSV_Handler
                0x00000260                SysTick_Handler
                0x00000262                LLWU_DriverIRQHandler
                0x00000262                MCM_DriverIRQHandler
                0x00000262                MCG_DriverIRQHandler
                0x00000262                DAC1_DriverIRQHandler
                0x00000262                CMP1_DriverIRQHandler
                0x00000262                FTM0_DriverIRQHandler
                0x00000262                IntDefaultHandler
                0x00000262                USB0_DriverIRQHandler
                0x00000262                UART5_ERR_DriverIRQHandler
                0x00000262                PORTC_DriverIRQHandler
                0x00000262                DAC0_DriverIRQHandler
                0x00000262                CMP2_DriverIRQHandler
                0x00000262                UART2_ERR_DriverIRQHandler
                0x00000262                LVD_LVW_DriverIRQHandler
                0x00000262                PIT0_DriverIRQHandler
                0x00000262                RNG_DriverIRQHandler
                0x00000262                USBDCD_DriverIRQHandler
                0x00000262                UART3_ERR_DriverIRQHandler
                0x00000262                UART0_ERR_DriverIRQHandler
                0x00000262                CMT_DriverIRQHandler
                0x00000262                Reserved71_DriverIRQHandler
                0x00000262                ADC1_DriverIRQHandler
                0x00000262                PORTA_DriverIRQHandler
                0x00000262                PIT3_DriverIRQHandler
                0x00000262                PIT1_DriverIRQHandler
                0x00000262                WDOG_EWM_DriverIRQHandler
                0x00000262                PDB0_DriverIRQHandler
                0x00000262                RTC_DriverIRQHandler
                0x00000262                Read_Collision_DriverIRQHandler
                0x00000262                SWI_DriverIRQHandler
                0x00000262                UART4_ERR_DriverIRQHandler
                0x00000262                UART0_LON_DriverIRQHandler
                0x00000262                ADC0_DriverIRQHandler
                0x00000262                CMP0_DriverIRQHandler
                0x00000262                FTM3_DriverIRQHandler
                0x00000262                UART1_ERR_DriverIRQHandler
                0x00000262                PORTD_DriverIRQHandler
                0x00000262                PORTE_DriverIRQHandler
                0x00000262                FTFE_DriverIRQHandler
                0x00000262                PORTB_DriverIRQHandler
                0x00000262                LPTMR0_DriverIRQHandler
                0x00000262                DMA_Error_DriverIRQHandler
                0x00000262                FTM1_DriverIRQHandler
                0x00000262                FTM2_DriverIRQHandler
                0x00000262                PIT2_DriverIRQHandler
                0x00000262                RTC_Seconds_DriverIRQHandler
                0x00000400                        . = 0x400
 *fill*         0x00000264      0x19c ff
                0x00000400                        PROVIDE (__FLASH_CONFIG_START__ = .)
 *(SORT_BY_ALIGNMENT(.FlashConfig))
 .FlashConfig   0x00000400       0x10 ./startup/startup_mk64f12.o
                0x00000400                Flash_Config
                0x00000410                        PROVIDE (__FLASH_CONFIG_END__ = .)
                0x00000001                        ASSERT (! ((__FLASH_CONFIG_START__ == __FLASH_CONFIG_END__)), Linker Flash Config Support Enabled, but no .FlashConfig section provided within application)
 *(SORT_BY_ALIGNMENT(.text*))
 .text.Accelerometer_position
                0x00000410       0x5c ./source/accelerometer.o
                0x00000410                Accelerometer_position
 .text.PORT_SetPinConfig
                0x0000046c       0x38 ./source/gpio.o
 .text.PORTA_IRQHandler
                0x000004a4       0x3c ./source/gpio.o
                0x000004a4                PORTA_IRQHandler
 .text.PORTB_IRQHandler
                0x000004e0       0x3c ./source/gpio.o
                0x000004e0                PORTB_IRQHandler
 .text.PORTC_IRQHandler
                0x0000051c       0x3c ./source/gpio.o
                0x0000051c                PORTC_IRQHandler
 .text.PORTD_IRQHandler
                0x00000558       0x3c ./source/gpio.o
                0x00000558                PORTD_IRQHandler
 .text.GPIO_init
                0x00000594       0x3c ./source/gpio.o
                0x00000594                GPIO_init
 .text.Accelerometer_port_init
                0x000005d0       0x58 ./source/gpio.o
                0x000005d0                Accelerometer_port_init
 .text.i2c_master_callback
                0x00000628       0x2c ./source/i2c.o
 .text.I2C_init
                0x00000654       0x48 ./source/i2c.o
                0x00000654                I2C_init
 .text.I2C_WriteRegister
                0x0000069c       0x78 ./source/i2c.o
                0x0000069c                I2C_WriteRegister
 .text.I2C_ReadRegisters
                0x00000714       0x68 ./source/i2c.o
                0x00000714                I2C_ReadRegisters
 .text.main     0x0000077c       0xa0 ./source/main.o
                0x0000077c                main
 .text.CLOCK_GetMcgExtClkFreq
                0x0000081c       0x7c ./drivers/fsl_clock.o
 .text.CLOCK_GetFllExtRefClkFreq
                0x00000898       0xb0 ./drivers/fsl_clock.o
 .text.CLOCK_GetInternalRefClkSelectFreq
                0x00000948       0x4c ./drivers/fsl_clock.o
 .text.CLOCK_GetFllRefClkFreq
                0x00000994       0x34 ./drivers/fsl_clock.o
 .text.CLOCK_GetOsc0ErClkFreq
                0x000009c8       0x44 ./drivers/fsl_clock.o
                0x000009c8                CLOCK_GetOsc0ErClkFreq
 .text.CLOCK_GetEr32kClkFreq
                0x00000a0c       0x74 ./drivers/fsl_clock.o
                0x00000a0c                CLOCK_GetEr32kClkFreq
 .text.CLOCK_GetPllFllSelClkFreq
                0x00000a80       0x54 ./drivers/fsl_clock.o
                0x00000a80                CLOCK_GetPllFllSelClkFreq
 .text.CLOCK_GetFreq
                0x00000ad4      0x140 ./drivers/fsl_clock.o
                0x00000ad4                CLOCK_GetFreq
 .text.CLOCK_GetOutClkFreq
                0x00000c14       0x64 ./drivers/fsl_clock.o
                0x00000c14                CLOCK_GetOutClkFreq
 .text.CLOCK_GetFllFreq
                0x00000c78       0x84 ./drivers/fsl_clock.o
                0x00000c78                CLOCK_GetFllFreq
 .text.CLOCK_GetInternalRefClkFreq
                0x00000cfc       0x30 ./drivers/fsl_clock.o
                0x00000cfc                CLOCK_GetInternalRefClkFreq
 .text.CLOCK_GetPll0Freq
                0x00000d2c       0x78 ./drivers/fsl_clock.o
                0x00000d2c                CLOCK_GetPll0Freq
 .text.SDK_DelayAtLeastUs
                0x00000da4       0x8c ./drivers/fsl_common_arm.o
                0x00000da4                SDK_DelayAtLeastUs
 .text.DSPI_CommonIRQHandler
                0x00000e30       0x44 ./drivers/fsl_dspi.o
 .text.SPI0_DriverIRQHandler
                0x00000e74       0x30 ./drivers/fsl_dspi.o
                0x00000e74                SPI0_DriverIRQHandler
 .text.SPI1_DriverIRQHandler
                0x00000ea4       0x30 ./drivers/fsl_dspi.o
                0x00000ea4                SPI1_DriverIRQHandler
 .text.SPI2_DriverIRQHandler
                0x00000ed4       0x30 ./drivers/fsl_dspi.o
                0x00000ed4                SPI2_DriverIRQHandler
 .text.EDMA_HandleIRQ
                0x00000f04      0x1b0 ./drivers/fsl_edma.o
                0x00000f04                EDMA_HandleIRQ
 .text.DMA0_DriverIRQHandler
                0x000010b4       0x1c ./drivers/fsl_edma.o
                0x000010b4                DMA0_DriverIRQHandler
 .text.DMA1_DriverIRQHandler
                0x000010d0       0x1c ./drivers/fsl_edma.o
                0x000010d0                DMA1_DriverIRQHandler
 .text.DMA2_DriverIRQHandler
                0x000010ec       0x1c ./drivers/fsl_edma.o
                0x000010ec                DMA2_DriverIRQHandler
 .text.DMA3_DriverIRQHandler
                0x00001108       0x1c ./drivers/fsl_edma.o
                0x00001108                DMA3_DriverIRQHandler
 .text.DMA4_DriverIRQHandler
                0x00001124       0x1c ./drivers/fsl_edma.o
                0x00001124                DMA4_DriverIRQHandler
 .text.DMA5_DriverIRQHandler
                0x00001140       0x1c ./drivers/fsl_edma.o
                0x00001140                DMA5_DriverIRQHandler
 .text.DMA6_DriverIRQHandler
                0x0000115c       0x1c ./drivers/fsl_edma.o
                0x0000115c                DMA6_DriverIRQHandler
 .text.DMA7_DriverIRQHandler
                0x00001178       0x1c ./drivers/fsl_edma.o
                0x00001178                DMA7_DriverIRQHandler
 .text.DMA8_DriverIRQHandler
                0x00001194       0x1c ./drivers/fsl_edma.o
                0x00001194                DMA8_DriverIRQHandler
 .text.DMA9_DriverIRQHandler
                0x000011b0       0x1c ./drivers/fsl_edma.o
                0x000011b0                DMA9_DriverIRQHandler
 .text.DMA10_DriverIRQHandler
                0x000011cc       0x1c ./drivers/fsl_edma.o
                0x000011cc                DMA10_DriverIRQHandler
 .text.DMA11_DriverIRQHandler
                0x000011e8       0x1c ./drivers/fsl_edma.o
                0x000011e8                DMA11_DriverIRQHandler
 .text.DMA12_DriverIRQHandler
                0x00001204       0x1c ./drivers/fsl_edma.o
                0x00001204                DMA12_DriverIRQHandler
 .text.DMA13_DriverIRQHandler
                0x00001220       0x1c ./drivers/fsl_edma.o
                0x00001220                DMA13_DriverIRQHandler
 .text.DMA14_DriverIRQHandler
                0x0000123c       0x1c ./drivers/fsl_edma.o
                0x0000123c                DMA14_DriverIRQHandler
 .text.DMA15_DriverIRQHandler
                0x00001258       0x1c ./drivers/fsl_edma.o
                0x00001258                DMA15_DriverIRQHandler
 .text.ENET_GetInstance
                0x00001274       0x44 ./drivers/fsl_enet.o
                0x00001274                ENET_GetInstance
 .text.ENET_Ptp1588IRQHandler
                0x000012b8       0x44 ./drivers/fsl_enet.o
                0x000012b8                ENET_Ptp1588IRQHandler
 .text.ENET_TxIRQHandler
                0x000012fc       0x48 ./drivers/fsl_enet.o
                0x000012fc                ENET_TxIRQHandler
 .text.ENET_RxIRQHandler
                0x00001344       0x44 ./drivers/fsl_enet.o
                0x00001344                ENET_RxIRQHandler
 .text.ENET_ErrIRQHandler
                0x00001388       0x44 ./drivers/fsl_enet.o
                0x00001388                ENET_ErrIRQHandler
 .text.ENET_Transmit_DriverIRQHandler
                0x000013cc       0x18 ./drivers/fsl_enet.o
                0x000013cc                ENET_Transmit_DriverIRQHandler
 .text.ENET_Receive_DriverIRQHandler
                0x000013e4       0x18 ./drivers/fsl_enet.o
                0x000013e4                ENET_Receive_DriverIRQHandler
 .text.ENET_Error_DriverIRQHandler
                0x000013fc       0x18 ./drivers/fsl_enet.o
                0x000013fc                ENET_Error_DriverIRQHandler
 .text.ENET_1588_Timer_DriverIRQHandler
                0x00001414       0x18 ./drivers/fsl_enet.o
                0x00001414                ENET_1588_Timer_DriverIRQHandler
 .text.CAN0_DriverIRQHandler
                0x0000142c       0x3c ./drivers/fsl_flexcan.o
                0x0000142c                CAN0_DriverIRQHandler
 .text.GPIO_GetInstance
                0x00001468       0x4c ./drivers/fsl_gpio.o
 .text.GPIO_PinInit
                0x000014b4       0x64 ./drivers/fsl_gpio.o
                0x000014b4                GPIO_PinInit
 .text.GPIO_PortGetInterruptFlags
                0x00001518       0x30 ./drivers/fsl_gpio.o
                0x00001518                GPIO_PortGetInterruptFlags
 .text.GPIO_PortClearInterruptFlags
                0x00001548       0x34 ./drivers/fsl_gpio.o
                0x00001548                GPIO_PortClearInterruptFlags
 .text.__NVIC_EnableIRQ
                0x0000157c       0x3c ./drivers/fsl_i2c.o
 .text.I2C_GetInstance
                0x000015b8       0x4c ./drivers/fsl_i2c.o
                0x000015b8                I2C_GetInstance
 .text.I2C_MasterTransferRunStateMachine
                0x00001604      0x24c ./drivers/fsl_i2c.o
 .text.I2C_TransferCommonIRQHandler
                0x00001850       0x58 ./drivers/fsl_i2c.o
 .text.I2C_MasterInit
                0x000018a8       0xe4 ./drivers/fsl_i2c.o
                0x000018a8                I2C_MasterInit
 .text.I2C_MasterGetDefaultConfig
                0x0000198c       0x48 ./drivers/fsl_i2c.o
                0x0000198c                I2C_MasterGetDefaultConfig
 .text.I2C_MasterSetBaudRate
                0x000019d4       0xe8 ./drivers/fsl_i2c.o
                0x000019d4                I2C_MasterSetBaudRate
 .text.I2C_MasterTransferCreateHandle
                0x00001abc       0x74 ./drivers/fsl_i2c.o
                0x00001abc                I2C_MasterTransferCreateHandle
 .text.I2C_MasterTransferNonBlocking
                0x00001b30       0x64 ./drivers/fsl_i2c.o
                0x00001b30                I2C_MasterTransferNonBlocking
 .text.I2C_MasterTransferHandleIRQ
                0x00001b94       0xb4 ./drivers/fsl_i2c.o
                0x00001b94                I2C_MasterTransferHandleIRQ
 .text.I2C0_DriverIRQHandler
                0x00001c48       0x1c ./drivers/fsl_i2c.o
                0x00001c48                I2C0_DriverIRQHandler
 .text.I2C1_DriverIRQHandler
                0x00001c64       0x1c ./drivers/fsl_i2c.o
                0x00001c64                I2C1_DriverIRQHandler
 .text.I2C2_DriverIRQHandler
                0x00001c80       0x1c ./drivers/fsl_i2c.o
                0x00001c80                I2C2_DriverIRQHandler
 .text.I2S0_Tx_DriverIRQHandler
                0x00001c9c       0x3c ./drivers/fsl_sai.o
                0x00001c9c                I2S0_Tx_DriverIRQHandler
 .text.I2S0_Rx_DriverIRQHandler
                0x00001cd8       0x3c ./drivers/fsl_sai.o
                0x00001cd8                I2S0_Rx_DriverIRQHandler
 .text.SDHC_DriverIRQHandler
                0x00001d14       0x3c ./drivers/fsl_sdhc.o
                0x00001d14                SDHC_DriverIRQHandler
 .text.UART0_DriverIRQHandler
                0x00001d50       0x28 ./drivers/fsl_uart.o
                0x00001d50                UART0_DriverIRQHandler
 .text.UART1_DriverIRQHandler
                0x00001d78       0x28 ./drivers/fsl_uart.o
                0x00001d78                UART1_DriverIRQHandler
 .text.UART2_DriverIRQHandler
                0x00001da0       0x28 ./drivers/fsl_uart.o
                0x00001da0                UART2_DriverIRQHandler
 .text.UART3_DriverIRQHandler
                0x00001dc8       0x28 ./drivers/fsl_uart.o
                0x00001dc8                UART3_DriverIRQHandler
 .text.UART4_DriverIRQHandler
                0x00001df0       0x28 ./drivers/fsl_uart.o
                0x00001df0                UART4_DriverIRQHandler
 .text.UART5_DriverIRQHandler
                0x00001e18       0x28 ./drivers/fsl_uart.o
                0x00001e18                UART5_DriverIRQHandler
 .text.SystemInit
                0x00001e40       0x3c ./device/system_MK64F12.o
                0x00001e40                SystemInit
 .text.__assertion_failed
                0x00001e7c       0x4c /Applications/MCUXpressoIDE_11.9.0_2144/ide/plugins/com.nxp.mcuxpresso.tools.macosx_11.9.0.202307121226/tools/bin/../lib/gcc/arm-none-eabi/12.3.1/../../../../arm-none-eabi/lib/thumb/v7e-m+fp/hard/libcr_semihost_nf.a(_cr_assert.o)
                0x00001e7c                __assertion_failed
 .text.__sys_appexit
                0x00001ec8        0xc /Applications/MCUXpressoIDE_11.9.0_2144/ide/plugins/com.nxp.mcuxpresso.tools.macosx_11.9.0.202307121226/tools/bin/../lib/gcc/arm-none-eabi/12.3.1/../../../../arm-none-eabi/lib/thumb/v7e-m+fp/hard/libcr_semihost_nf.a(__sys_appexit.o)
                0x00001ec8                __exit
                0x00001ec8                __sys_appexit
 .text._Cwritebuf
                0x00001ed4       0x6c /Applications/MCUXpressoIDE_11.9.0_2144/ide/plugins/com.nxp.mcuxpresso.tools.macosx_11.9.0.202307121226/tools/bin/../lib/gcc/arm-none-eabi/12.3.1/../../../../arm-none-eabi/lib/thumb/v7e-m+fp/hard/libcr_c.a(_writebuf.o)
                0x00001ed4                _Cwritebuf
 .text.malloc   0x00001f40       0xe8 /Applications/MCUXpressoIDE_11.9.0_2144/ide/plugins/com.nxp.mcuxpresso.tools.macosx_11.9.0.202307121226/tools/bin/../lib/gcc/arm-none-eabi/12.3.1/../../../../arm-none-eabi/lib/thumb/v7e-m+fp/hard/libcr_c.a(alloc.o)
                0x00001f40                malloc
 .text._Csys_alloc
                0x00002028       0x20 /Applications/MCUXpressoIDE_11.9.0_2144/ide/plugins/com.nxp.mcuxpresso.tools.macosx_11.9.0.202307121226/tools/bin/../lib/gcc/arm-none-eabi/12.3.1/../../../../arm-none-eabi/lib/thumb/v7e-m+fp/hard/libcr_c.a(alloc.o)
                0x00002028                _Csys_alloc
 .text.fseek    0x00002048       0xf8 /Applications/MCUXpressoIDE_11.9.0_2144/ide/plugins/com.nxp.mcuxpresso.tools.macosx_11.9.0.202307121226/tools/bin/../lib/gcc/arm-none-eabi/12.3.1/../../../../arm-none-eabi/lib/thumb/v7e-m+fp/hard/libcr_c.a(fseek.o)
                0x00002048                fseek
 .text.ftell    0x00002140       0x44 /Applications/MCUXpressoIDE_11.9.0_2144/ide/plugins/com.nxp.mcuxpresso.tools.macosx_11.9.0.202307121226/tools/bin/../lib/gcc/arm-none-eabi/12.3.1/../../../../arm-none-eabi/lib/thumb/v7e-m+fp/hard/libcr_c.a(ftell.o)
                0x00002140                ftell
 .text._initio  0x00002184       0x78 /Applications/MCUXpressoIDE_11.9.0_2144/ide/plugins/com.nxp.mcuxpresso.tools.macosx_11.9.0.202307121226/tools/bin/../lib/gcc/arm-none-eabi/12.3.1/../../../../arm-none-eabi/lib/thumb/v7e-m+fp/hard/libcr_c.a(initio.o)
                0x00002184                _initio
 .text.__vfprintf
                0x000021fc      0xb80 /Applications/MCUXpressoIDE_11.9.0_2144/ide/plugins/com.nxp.mcuxpresso.tools.macosx_11.9.0.202307121226/tools/bin/../lib/gcc/arm-none-eabi/12.3.1/../../../../arm-none-eabi/lib/thumb/v7e-m+fp/hard/libcr_c.a(printf.o)
                0x000021fc                __vfprintf
 .text._vsnprintf
                0x00002d7c       0x68 /Applications/MCUXpressoIDE_11.9.0_2144/ide/plugins/com.nxp.mcuxpresso.tools.macosx_11.9.0.202307121226/tools/bin/../lib/gcc/arm-none-eabi/12.3.1/../../../../arm-none-eabi/lib/thumb/v7e-m+fp/hard/libcr_c.a(printf.o)
                0x00002d7c                _vsnprintf
 .text._printf  0x00002de4       0x54 /Applications/MCUXpressoIDE_11.9.0_2144/ide/plugins/com.nxp.mcuxpresso.tools.macosx_11.9.0.202307121226/tools/bin/../lib/gcc/arm-none-eabi/12.3.1/../../../../arm-none-eabi/lib/thumb/v7e-m+fp/hard/libcr_c.a(printf.o)
                0x00002de4                _printf
 .text._sbrk    0x00002e38       0x3c /Applications/MCUXpressoIDE_11.9.0_2144/ide/plugins/com.nxp.mcuxpresso.tools.macosx_11.9.0.202307121226/tools/bin/../lib/gcc/arm-none-eabi/12.3.1/../../../../arm-none-eabi/lib/thumb/v7e-m+fp/hard/libcr_c.a(_cr_sbrk.o)
                0x00002e38                _sbrk
 .text.fflush   0x00002e74       0x3c /Applications/MCUXpressoIDE_11.9.0_2144/ide/plugins/com.nxp.mcuxpresso.tools.macosx_11.9.0.202307121226/tools/bin/../lib/gcc/arm-none-eabi/12.3.1/../../../../arm-none-eabi/lib/thumb/v7e-m+fp/hard/libcr_c.a(fflush.o)
                0x00002e74                fflush
 .text.__check_heap_overflow
                0x00002eb0       0x18 /Applications/MCUXpressoIDE_11.9.0_2144/ide/plugins/com.nxp.mcuxpresso.tools.macosx_11.9.0.202307121226/tools/bin/../lib/gcc/arm-none-eabi/12.3.1/../../../../arm-none-eabi/lib/thumb/v7e-m+fp/hard/libcr_c.a(_cr_check_heap.o)
                0x00002eb0                __check_heap_overflow
 .text.DMA0_IRQHandler
                0x00002ec8        0x8 ./startup/startup_mk64f12.o
                0x00002ec8                DMA0_IRQHandler
 .text.DMA1_IRQHandler
                0x00002ed0        0x8 ./startup/startup_mk64f12.o
                0x00002ed0                DMA1_IRQHandler
 .text.DMA2_IRQHandler
                0x00002ed8        0x8 ./startup/startup_mk64f12.o
                0x00002ed8                DMA2_IRQHandler
 .text.DMA3_IRQHandler
                0x00002ee0        0x8 ./startup/startup_mk64f12.o
                0x00002ee0                DMA3_IRQHandler
 .text.DMA4_IRQHandler
                0x00002ee8        0x8 ./startup/startup_mk64f12.o
                0x00002ee8                DMA4_IRQHandler
 .text.DMA5_IRQHandler
                0x00002ef0        0x8 ./startup/startup_mk64f12.o
                0x00002ef0                DMA5_IRQHandler
 .text.DMA6_IRQHandler
                0x00002ef8        0x8 ./startup/startup_mk64f12.o
                0x00002ef8                DMA6_IRQHandler
 .text.DMA7_IRQHandler
                0x00002f00        0x8 ./startup/startup_mk64f12.o
                0x00002f00                DMA7_IRQHandler
 .text.DMA8_IRQHandler
                0x00002f08        0x8 ./startup/startup_mk64f12.o
                0x00002f08                DMA8_IRQHandler
 .text.DMA9_IRQHandler
                0x00002f10        0x8 ./startup/startup_mk64f12.o
                0x00002f10                DMA9_IRQHandler
 .text.DMA10_IRQHandler
                0x00002f18        0x8 ./startup/startup_mk64f12.o
                0x00002f18                DMA10_IRQHandler
 .text.DMA11_IRQHandler
                0x00002f20        0x8 ./startup/startup_mk64f12.o
                0x00002f20                DMA11_IRQHandler
 .text.DMA12_IRQHandler
                0x00002f28        0x8 ./startup/startup_mk64f12.o
                0x00002f28                DMA12_IRQHandler
 .text.DMA13_IRQHandler
                0x00002f30        0x8 ./startup/startup_mk64f12.o
                0x00002f30                DMA13_IRQHandler
 .text.DMA14_IRQHandler
                0x00002f38        0x8 ./startup/startup_mk64f12.o
                0x00002f38                DMA14_IRQHandler
 .text.DMA15_IRQHandler
                0x00002f40        0x8 ./startup/startup_mk64f12.o
                0x00002f40                DMA15_IRQHandler
 .text.DMA_Error_IRQHandler
                0x00002f48        0x8 ./startup/startup_mk64f12.o
                0x00002f48                DMA_Error_IRQHandler
 .text.MCM_IRQHandler
                0x00002f50        0x8 ./startup/startup_mk64f12.o
                0x00002f50                MCM_IRQHandler
 .text.FTFE_IRQHandler
                0x00002f58        0x8 ./startup/startup_mk64f12.o
                0x00002f58                FTFE_IRQHandler
 .text.Read_Collision_IRQHandler
                0x00002f60        0x8 ./startup/startup_mk64f12.o
                0x00002f60                Read_Collision_IRQHandler
 .text.LVD_LVW_IRQHandler
                0x00002f68        0x8 ./startup/startup_mk64f12.o
                0x00002f68                LVD_LVW_IRQHandler
 .text.LLWU_IRQHandler
                0x00002f70        0x8 ./startup/startup_mk64f12.o
                0x00002f70                LLWU_IRQHandler
 .text.WDOG_EWM_IRQHandler
                0x00002f78        0x8 ./startup/startup_mk64f12.o
                0x00002f78                WDOG_EWM_IRQHandler
 .text.RNG_IRQHandler
                0x00002f80        0x8 ./startup/startup_mk64f12.o
                0x00002f80                RNG_IRQHandler
 .text.I2C0_IRQHandler
                0x00002f88        0x8 ./startup/startup_mk64f12.o
                0x00002f88                I2C0_IRQHandler
 .text.I2C1_IRQHandler
                0x00002f90        0x8 ./startup/startup_mk64f12.o
                0x00002f90                I2C1_IRQHandler
 .text.SPI0_IRQHandler
                0x00002f98        0x8 ./startup/startup_mk64f12.o
                0x00002f98                SPI0_IRQHandler
 .text.SPI1_IRQHandler
                0x00002fa0        0x8 ./startup/startup_mk64f12.o
                0x00002fa0                SPI1_IRQHandler
 .text.I2S0_Tx_IRQHandler
                0x00002fa8        0x8 ./startup/startup_mk64f12.o
                0x00002fa8                I2S0_Tx_IRQHandler
 .text.I2S0_Rx_IRQHandler
                0x00002fb0        0x8 ./startup/startup_mk64f12.o
                0x00002fb0                I2S0_Rx_IRQHandler
 .text.UART0_LON_IRQHandler
                0x00002fb8        0x8 ./startup/startup_mk64f12.o
                0x00002fb8                UART0_LON_IRQHandler
 .text.UART0_RX_TX_IRQHandler
                0x00002fc0        0x8 ./startup/startup_mk64f12.o
                0x00002fc0                UART0_RX_TX_IRQHandler
 .text.UART0_ERR_IRQHandler
                0x00002fc8        0x8 ./startup/startup_mk64f12.o
                0x00002fc8                UART0_ERR_IRQHandler
 .text.UART1_RX_TX_IRQHandler
                0x00002fd0        0x8 ./startup/startup_mk64f12.o
                0x00002fd0                UART1_RX_TX_IRQHandler
 .text.UART1_ERR_IRQHandler
                0x00002fd8        0x8 ./startup/startup_mk64f12.o
                0x00002fd8                UART1_ERR_IRQHandler
 .text.UART2_RX_TX_IRQHandler
                0x00002fe0        0x8 ./startup/startup_mk64f12.o
                0x00002fe0                UART2_RX_TX_IRQHandler
 .text.UART2_ERR_IRQHandler
                0x00002fe8        0x8 ./startup/startup_mk64f12.o
                0x00002fe8                UART2_ERR_IRQHandler
 .text.UART3_RX_TX_IRQHandler
                0x00002ff0        0x8 ./startup/startup_mk64f12.o
                0x00002ff0                UART3_RX_TX_IRQHandler
 .text.UART3_ERR_IRQHandler
                0x00002ff8        0x8 ./startup/startup_mk64f12.o
                0x00002ff8                UART3_ERR_IRQHandler
 .text.ADC0_IRQHandler
                0x00003000        0x8 ./startup/startup_mk64f12.o
                0x00003000                ADC0_IRQHandler
 .text.CMP0_IRQHandler
                0x00003008        0x8 ./startup/startup_mk64f12.o
                0x00003008                CMP0_IRQHandler
 .text.CMP1_IRQHandler
                0x00003010        0x8 ./startup/startup_mk64f12.o
                0x00003010                CMP1_IRQHandler
 .text.FTM0_IRQHandler
                0x00003018        0x8 ./startup/startup_mk64f12.o
                0x00003018                FTM0_IRQHandler
 .text.FTM1_IRQHandler
                0x00003020        0x8 ./startup/startup_mk64f12.o
                0x00003020                FTM1_IRQHandler
 .text.FTM2_IRQHandler
                0x00003028        0x8 ./startup/startup_mk64f12.o
                0x00003028                FTM2_IRQHandler
 .text.CMT_IRQHandler
                0x00003030        0x8 ./startup/startup_mk64f12.o
                0x00003030                CMT_IRQHandler
 .text.RTC_IRQHandler
                0x00003038        0x8 ./startup/startup_mk64f12.o
                0x00003038                RTC_IRQHandler
 .text.RTC_Seconds_IRQHandler
                0x00003040        0x8 ./startup/startup_mk64f12.o
                0x00003040                RTC_Seconds_IRQHandler
 .text.PIT0_IRQHandler
                0x00003048        0x8 ./startup/startup_mk64f12.o
                0x00003048                PIT0_IRQHandler
 .text.PIT1_IRQHandler
                0x00003050        0x8 ./startup/startup_mk64f12.o
                0x00003050                PIT1_IRQHandler
 .text.PIT2_IRQHandler
                0x00003058        0x8 ./startup/startup_mk64f12.o
                0x00003058                PIT2_IRQHandler
 .text.PIT3_IRQHandler
                0x00003060        0x8 ./startup/startup_mk64f12.o
                0x00003060                PIT3_IRQHandler
 .text.PDB0_IRQHandler
                0x00003068        0x8 ./startup/startup_mk64f12.o
                0x00003068                PDB0_IRQHandler
 .text.USB0_IRQHandler
                0x00003070        0x8 ./startup/startup_mk64f12.o
                0x00003070                USB0_IRQHandler
 .text.USBDCD_IRQHandler
                0x00003078        0x8 ./startup/startup_mk64f12.o
                0x00003078                USBDCD_IRQHandler
 .text.Reserved71_IRQHandler
                0x00003080        0x8 ./startup/startup_mk64f12.o
                0x00003080                Reserved71_IRQHandler
 .text.DAC0_IRQHandler
                0x00003088        0x8 ./startup/startup_mk64f12.o
                0x00003088                DAC0_IRQHandler
 .text.MCG_IRQHandler
                0x00003090        0x8 ./startup/startup_mk64f12.o
                0x00003090                MCG_IRQHandler
 .text.LPTMR0_IRQHandler
                0x00003098        0x8 ./startup/startup_mk64f12.o
                0x00003098                LPTMR0_IRQHandler
 .text.PORTE_IRQHandler
                0x000030a0        0x8 ./startup/startup_mk64f12.o
                0x000030a0                PORTE_IRQHandler
 .text.SWI_IRQHandler
                0x000030a8        0x8 ./startup/startup_mk64f12.o
                0x000030a8                SWI_IRQHandler
 .text.SPI2_IRQHandler
                0x000030b0        0x8 ./startup/startup_mk64f12.o
                0x000030b0                SPI2_IRQHandler
 .text.UART4_RX_TX_IRQHandler
                0x000030b8        0x8 ./startup/startup_mk64f12.o
                0x000030b8                UART4_RX_TX_IRQHandler
 .text.UART4_ERR_IRQHandler
                0x000030c0        0x8 ./startup/startup_mk64f12.o
                0x000030c0                UART4_ERR_IRQHandler
 .text.UART5_RX_TX_IRQHandler
                0x000030c8        0x8 ./startup/startup_mk64f12.o
                0x000030c8                UART5_RX_TX_IRQHandler
 .text.UART5_ERR_IRQHandler
                0x000030d0        0x8 ./startup/startup_mk64f12.o
                0x000030d0                UART5_ERR_IRQHandler
 .text.CMP2_IRQHandler
                0x000030d8        0x8 ./startup/startup_mk64f12.o
                0x000030d8                CMP2_IRQHandler
 .text.FTM3_IRQHandler
                0x000030e0        0x8 ./startup/startup_mk64f12.o
                0x000030e0                FTM3_IRQHandler
 .text.DAC1_IRQHandler
                0x000030e8        0x8 ./startup/startup_mk64f12.o
                0x000030e8                DAC1_IRQHandler
 .text.ADC1_IRQHandler
                0x000030f0        0x8 ./startup/startup_mk64f12.o
                0x000030f0                ADC1_IRQHandler
 .text.I2C2_IRQHandler
                0x000030f8        0x8 ./startup/startup_mk64f12.o
                0x000030f8                I2C2_IRQHandler
 .text.CAN0_ORed_Message_buffer_IRQHandler
                0x00003100        0x8 ./startup/startup_mk64f12.o
                0x00003100                CAN0_ORed_Message_buffer_IRQHandler
 .text.CAN0_Bus_Off_IRQHandler
                0x00003108        0x8 ./startup/startup_mk64f12.o
                0x00003108                CAN0_Bus_Off_IRQHandler
 .text.CAN0_Error_IRQHandler
                0x00003110        0x8 ./startup/startup_mk64f12.o
                0x00003110                CAN0_Error_IRQHandler
 .text.CAN0_Tx_Warning_IRQHandler
                0x00003118        0x8 ./startup/startup_mk64f12.o
                0x00003118                CAN0_Tx_Warning_IRQHandler
 .text.CAN0_Rx_Warning_IRQHandler
                0x00003120        0x8 ./startup/startup_mk64f12.o
                0x00003120                CAN0_Rx_Warning_IRQHandler
 .text.CAN0_Wake_Up_IRQHandler
                0x00003128        0x8 ./startup/startup_mk64f12.o
                0x00003128                CAN0_Wake_Up_IRQHandler
 .text.SDHC_IRQHandler
                0x00003130        0x8 ./startup/startup_mk64f12.o
                0x00003130                SDHC_IRQHandler
 .text.ENET_1588_Timer_IRQHandler
                0x00003138        0x8 ./startup/startup_mk64f12.o
                0x00003138                ENET_1588_Timer_IRQHandler
 .text.ENET_Transmit_IRQHandler
                0x00003140        0x8 ./startup/startup_mk64f12.o
                0x00003140                ENET_Transmit_IRQHandler
 .text.ENET_Receive_IRQHandler
                0x00003148        0x8 ./startup/startup_mk64f12.o
                0x00003148                ENET_Receive_IRQHandler
 .text.ENET_Error_IRQHandler
                0x00003150        0x8 ./startup/startup_mk64f12.o
                0x00003150                ENET_Error_IRQHandler
 .text.Accelerometer_init
                0x00003158       0x26 ./source/accelerometer.o
                0x00003158                Accelerometer_init
 .text.Accelerometer_read
                0x0000317e       0x64 ./source/accelerometer.o
                0x0000317e                Accelerometer_read
 .text.CLOCK_EnableClock
                0x000031e2       0x34 ./source/gpio.o
 .text.PORT_SetPinMux
                0x00003216       0x3a ./source/gpio.o
 .text.HardFault_Handler
                0x00003250       0x36 ./source/semihost_hardfault.o
                0x00003250                HardFault_Handler
 .text.CLOCK_GetPll0RefFreq
                0x00003286        0xe ./drivers/fsl_clock.o
 .text.CLOCK_GetFixedFreqClkFreq
                0x00003294       0x34 ./drivers/fsl_clock.o
                0x00003294                CLOCK_GetFixedFreqClkFreq
 .text.DelayLoop
                0x000032c8       0x20 ./drivers/fsl_common_arm.o
 .text.DSPI_IsMaster
                0x000032e8       0x26 ./drivers/fsl_dspi.o
 .text.GPIO_PinWrite
                0x0000330e       0x36 ./drivers/fsl_gpio.o
 .text.CLOCK_EnableClock
                0x00003344       0x34 ./drivers/fsl_i2c.o
 .text.EnableIRQ
                0x00003378       0x32 ./drivers/fsl_i2c.o
 .text.I2C_MasterClearStatusFlags
                0x000033aa       0x5a ./drivers/fsl_i2c.o
 .text.I2C_InitTransferStateMachine
                0x00003404       0xd4 ./drivers/fsl_i2c.o
 .text.I2C_CheckAndClearError
                0x000034d8       0x44 ./drivers/fsl_i2c.o
 .text.I2C_EnableInterrupts
                0x0000351c       0x56 ./drivers/fsl_i2c.o
                0x0000351c                I2C_EnableInterrupts
 .text.I2C_DisableInterrupts
                0x00003572       0x4a ./drivers/fsl_i2c.o
                0x00003572                I2C_DisableInterrupts
 .text.I2C_MasterStart
                0x000035bc       0x62 ./drivers/fsl_i2c.o
                0x000035bc                I2C_MasterStart
 .text.I2C_MasterRepeatedStart
                0x0000361e       0x9a ./drivers/fsl_i2c.o
                0x0000361e                I2C_MasterRepeatedStart
 .text.I2C_MasterStop
                0x000036b8       0x3a ./drivers/fsl_i2c.o
                0x000036b8                I2C_MasterStop
 .text.I2C_MasterGetStatusFlags
                0x000036f2       0x4a ./drivers/fsl_i2c.o
                0x000036f2                I2C_MasterGetStatusFlags
 .text.UART0_RX_TX_DriverIRQHandler
                0x0000373c       0x12 ./drivers/fsl_uart.o
                0x0000373c                UART0_RX_TX_DriverIRQHandler
 .text.UART1_RX_TX_DriverIRQHandler
                0x0000374e       0x12 ./drivers/fsl_uart.o
                0x0000374e                UART1_RX_TX_DriverIRQHandler
 .text.UART2_RX_TX_DriverIRQHandler
                0x00003760       0x12 ./drivers/fsl_uart.o
                0x00003760                UART2_RX_TX_DriverIRQHandler
 .text.UART3_RX_TX_DriverIRQHandler
                0x00003772       0x12 ./drivers/fsl_uart.o
                0x00003772                UART3_RX_TX_DriverIRQHandler
 .text.UART4_RX_TX_DriverIRQHandler
                0x00003784       0x12 ./drivers/fsl_uart.o
                0x00003784                UART4_RX_TX_DriverIRQHandler
 .text.UART5_RX_TX_DriverIRQHandler
                0x00003796       0x12 ./drivers/fsl_uart.o
                0x00003796                UART5_RX_TX_DriverIRQHandler
 .text.SystemInitHook
                0x000037a8        0xe ./device/system_MK64F12.o
                0x000037a8                SystemInitHook
 .text.__main   0x000037b6        0xe /Applications/MCUXpressoIDE_11.9.0_2144/ide/plugins/com.nxp.mcuxpresso.tools.macosx_11.9.0.202307121226/tools/bin/../lib/gcc/arm-none-eabi/12.3.1/../../../../arm-none-eabi/lib/thumb/v7e-m+fp/hard/libcr_semihost_nf.a(_cr__main.o)
                0x000037b6                __main
                0x000037b6                __CR_SEMIHOST
 .text.memset   0x000037c4        0x4 /Applications/MCUXpressoIDE_11.9.0_2144/ide/plugins/com.nxp.mcuxpresso.tools.macosx_11.9.0.202307121226/tools/bin/../lib/gcc/arm-none-eabi/12.3.1/../../../../arm-none-eabi/lib/thumb/v7e-m+fp/hard/libcr_c.a(memset.o)
                0x000037c4                memset
 .text._deferredlazyseek
                0x000037c8       0x40 /Applications/MCUXpressoIDE_11.9.0_2144/ide/plugins/com.nxp.mcuxpresso.tools.macosx_11.9.0.202307121226/tools/bin/../lib/gcc/arm-none-eabi/12.3.1/../../../../arm-none-eabi/lib/thumb/v7e-m+fp/hard/libcr_c.a(_deferredlazyseek.o)
                0x000037c8                _deferredlazyseek
 .text.__flsbuf
                0x00003808      0x140 /Applications/MCUXpressoIDE_11.9.0_2144/ide/plugins/com.nxp.mcuxpresso.tools.macosx_11.9.0.202307121226/tools/bin/../lib/gcc/arm-none-eabi/12.3.1/../../../../arm-none-eabi/lib/thumb/v7e-m+fp/hard/libcr_c.a(_deferredlazyseek.o)
                0x00003808                __flsbuf
 .text._fflush  0x00003948       0x52 /Applications/MCUXpressoIDE_11.9.0_2144/ide/plugins/com.nxp.mcuxpresso.tools.macosx_11.9.0.202307121226/tools/bin/../lib/gcc/arm-none-eabi/12.3.1/../../../../arm-none-eabi/lib/thumb/v7e-m+fp/hard/libcr_c.a(_fflush.o)
                0x00003948                _fflush
 .text.free     0x0000399a       0x30 /Applications/MCUXpressoIDE_11.9.0_2144/ide/plugins/com.nxp.mcuxpresso.tools.macosx_11.9.0.202307121226/tools/bin/../lib/gcc/arm-none-eabi/12.3.1/../../../../arm-none-eabi/lib/thumb/v7e-m+fp/hard/libcr_c.a(alloc.o)
                0x0000399a                free
 .text.fputs    0x000039ca       0x2c /Applications/MCUXpressoIDE_11.9.0_2144/ide/plugins/com.nxp.mcuxpresso.tools.macosx_11.9.0.202307121226/tools/bin/../lib/gcc/arm-none-eabi/12.3.1/../../../../arm-none-eabi/lib/thumb/v7e-m+fp/hard/libcr_c.a(fputs.o)
                0x000039ca                fputs
 .text.no_fp_display
                0x000039f6        0x4 /Applications/MCUXpressoIDE_11.9.0_2144/ide/plugins/com.nxp.mcuxpresso.tools.macosx_11.9.0.202307121226/tools/bin/../lib/gcc/arm-none-eabi/12.3.1/../../../../arm-none-eabi/lib/thumb/v7e-m+fp/hard/libcr_c.a(printf.o)
 .text.setvbuf  0x000039fa       0x3e /Applications/MCUXpressoIDE_11.9.0_2144/ide/plugins/com.nxp.mcuxpresso.tools.macosx_11.9.0.202307121226/tools/bin/../lib/gcc/arm-none-eabi/12.3.1/../../../../arm-none-eabi/lib/thumb/v7e-m+fp/hard/libcr_c.a(setvbuf.o)
                0x000039fa                setvbuf
 .text.strlen   0x00003a38       0x4e /Applications/MCUXpressoIDE_11.9.0_2144/ide/plugins/com.nxp.mcuxpresso.tools.macosx_11.9.0.202307121226/tools/bin/../lib/gcc/arm-none-eabi/12.3.1/../../../../arm-none-eabi/lib/thumb/v7e-m+fp/hard/libcr_c.a(strlen.o)
                0x00003a38                strlen
 .text._fdopen  0x00003a86       0x68 /Applications/MCUXpressoIDE_11.9.0_2144/ide/plugins/com.nxp.mcuxpresso.tools.macosx_11.9.0.202307121226/tools/bin/../lib/gcc/arm-none-eabi/12.3.1/../../../../arm-none-eabi/lib/thumb/v7e-m+fp/hard/libcr_c.a(_fdopen.o)
                0x00003a86                _fdopen
 .text.fclose   0x00003aee       0x58 /Applications/MCUXpressoIDE_11.9.0_2144/ide/plugins/com.nxp.mcuxpresso.tools.macosx_11.9.0.202307121226/tools/bin/../lib/gcc/arm-none-eabi/12.3.1/../../../../arm-none-eabi/lib/thumb/v7e-m+fp/hard/libcr_c.a(fclose.o)
                0x00003aee                fclose
 .text.remove   0x00003b46       0x14 /Applications/MCUXpressoIDE_11.9.0_2144/ide/plugins/com.nxp.mcuxpresso.tools.macosx_11.9.0.202307121226/tools/bin/../lib/gcc/arm-none-eabi/12.3.1/../../../../arm-none-eabi/lib/thumb/v7e-m+fp/hard/libcr_c.a(remove.o)
                0x00003b46                remove
 .text._do_fflush
                0x00003b5a       0x40 /Applications/MCUXpressoIDE_11.9.0_2144/ide/plugins/com.nxp.mcuxpresso.tools.macosx_11.9.0.202307121226/tools/bin/../lib/gcc/arm-none-eabi/12.3.1/../../../../arm-none-eabi/lib/thumb/v7e-m+fp/hard/libcr_c.a(_do_fflush.o)
                0x00003b5a                _do_fflush
 .text.__aeabi_division_uldivmod
                0x00003b9a      0x174 /Applications/MCUXpressoIDE_11.9.0_2144/ide/plugins/com.nxp.mcuxpresso.tools.macosx_11.9.0.202307121226/tools/bin/../lib/gcc/arm-none-eabi/12.3.1/thumb/v7e-m+fp/hard/libcr_eabihelpers.a(division_64.o)
                0x00003b9a                __aeabi_uldivmod
                0x00003b9e                __bhs_ldivmod1
 .text.__aeabi_division_idiv0
                0x00003d0e        0x2 /Applications/MCUXpressoIDE_11.9.0_2144/ide/plugins/com.nxp.mcuxpresso.tools.macosx_11.9.0.202307121226/tools/bin/../lib/gcc/arm-none-eabi/12.3.1/thumb/v7e-m+fp/hard/libcr_eabihelpers.a(division_idiv0.o)
                0x00003d0e                __aeabi_idiv0
 .text.__aeabi_memset_lowlevel
                0x00003d10       0x32 /Applications/MCUXpressoIDE_11.9.0_2144/ide/plugins/com.nxp.mcuxpresso.tools.macosx_11.9.0.202307121226/tools/bin/../lib/gcc/arm-none-eabi/12.3.1/thumb/v7e-m+fp/hard/libcr_eabihelpers.a(memcpy.o)
                0x00003d10                __aeabi_lowlevel_memset
 .text.__sys_close
                0x00003d42        0xc /Applications/MCUXpressoIDE_11.9.0_2144/ide/plugins/com.nxp.mcuxpresso.tools.macosx_11.9.0.202307121226/tools/bin/../lib/gcc/arm-none-eabi/12.3.1/../../../../arm-none-eabi/lib/thumb/v7e-m+fp/hard/libcr_semihost_nf.a(__sys_close.o)
                0x00003d42                __sys_close
 .text.__sys_flen
                0x00003d4e        0xc /Applications/MCUXpressoIDE_11.9.0_2144/ide/plugins/com.nxp.mcuxpresso.tools.macosx_11.9.0.202307121226/tools/bin/../lib/gcc/arm-none-eabi/12.3.1/../../../../arm-none-eabi/lib/thumb/v7e-m+fp/hard/libcr_semihost_nf.a(__sys_flen.o)
                0x00003d4e                __sys_flen
 .text.__sys_istty
                0x00003d5a        0xc /Applications/MCUXpressoIDE_11.9.0_2144/ide/plugins/com.nxp.mcuxpresso.tools.macosx_11.9.0.202307121226/tools/bin/../lib/gcc/arm-none-eabi/12.3.1/../../../../arm-none-eabi/lib/thumb/v7e-m+fp/hard/libcr_semihost_nf.a(__sys_istty.o)
                0x00003d5a                __sys_istty
 .text.__sys_remove
                0x00003d66        0xc /Applications/MCUXpressoIDE_11.9.0_2144/ide/plugins/com.nxp.mcuxpresso.tools.macosx_11.9.0.202307121226/tools/bin/../lib/gcc/arm-none-eabi/12.3.1/../../../../arm-none-eabi/lib/thumb/v7e-m+fp/hard/libcr_semihost_nf.a(__sys_remove.o)
                0x00003d66                __sys_remove
 .text.__sys_seek
                0x00003d72        0xc /Applications/MCUXpressoIDE_11.9.0_2144/ide/plugins/com.nxp.mcuxpresso.tools.macosx_11.9.0.202307121226/tools/bin/../lib/gcc/arm-none-eabi/12.3.1/../../../../arm-none-eabi/lib/thumb/v7e-m+fp/hard/libcr_semihost_nf.a(__sys_seek.o)
                0x00003d72                __sys_seek
 .text.__sys_tmpnam
                0x00003d7e        0xc /Applications/MCUXpressoIDE_11.9.0_2144/ide/plugins/com.nxp.mcuxpresso.tools.macosx_11.9.0.202307121226/tools/bin/../lib/gcc/arm-none-eabi/12.3.1/../../../../arm-none-eabi/lib/thumb/v7e-m+fp/hard/libcr_semihost_nf.a(__sys_tmpnam.o)
                0x00003d7e                __sys_tmpnam
 .text.__sys_write
                0x00003d8a        0xc /Applications/MCUXpressoIDE_11.9.0_2144/ide/plugins/com.nxp.mcuxpresso.tools.macosx_11.9.0.202307121226/tools/bin/../lib/gcc/arm-none-eabi/12.3.1/../../../../arm-none-eabi/lib/thumb/v7e-m+fp/hard/libcr_semihost_nf.a(__sys_write.o)
                0x00003d8a                __sys_write
 *(SORT_BY_ALIGNMENT(.rodata) SORT_BY_ALIGNMENT(.rodata.*) SORT_BY_ALIGNMENT(.constdata) SORT_BY_ALIGNMENT(.constdata.*))
 *fill*         0x00003d96        0x2 ff
 .rodata.PORT_SetPinConfig.str1.4
                0x00003d98       0x5a ./source/gpio.o
 *fill*         0x00003df2        0x2 ff
 .rodata.gpio_input_config
                0x00003df4        0x2 ./source/gpio.o
                0x00003df4                gpio_input_config
 *fill*         0x00003df6        0x2 ff
 .rodata.Accelerometer_config
                0x00003df8        0x2 ./source/gpio.o
                0x00003df8                Accelerometer_config
 *fill*         0x00003dfa        0x2 ff
 .rodata.main.str1.4
                0x00003dfc       0x86 ./source/main.o
 *fill*         0x00003e82        0x2 ff
 .rodata.CLOCK_GetMcgExtClkFreq.str1.4
                0x00003e84       0x49 ./drivers/fsl_clock.o
 *fill*         0x00003ecd        0x3 ff
 .rodata.CLOCK_GetOsc0ErClkFreq.str1.4
                0x00003ed0       0x1e ./drivers/fsl_clock.o
 *fill*         0x00003eee        0x2 ff
 .rodata.CLOCK_GetEr32kClkFreq.str1.4
                0x00003ef0       0x1f ./drivers/fsl_clock.o
 *fill*         0x00003f0f        0x1 ff
 .rodata.CLOCK_GetPll0Freq.str1.4
                0x00003f10       0x1d ./drivers/fsl_clock.o
 *fill*         0x00003f2d        0x3 ff
 .rodata.fllFactorTable.1
                0x00003f30       0x10 ./drivers/fsl_clock.o
 .rodata.SDK_DelayAtLeastUs.str1.4
                0x00003f40       0x2b ./drivers/fsl_common_arm.o
 *fill*         0x00003f6b        0x1 ff
 .rodata.SPI0_DriverIRQHandler.str1.4
                0x00003f6c       0x2a ./drivers/fsl_dspi.o
 *fill*         0x00003f96        0x2 ff
 .rodata.SPI1_DriverIRQHandler.str1.4
                0x00003f98       0x2a ./drivers/fsl_dspi.o
 *fill*         0x00003fc2        0x2 ff
 .rodata.SPI2_DriverIRQHandler.str1.4
                0x00003fc4       0x2a ./drivers/fsl_dspi.o
 *fill*         0x00003fee        0x2 ff
 .rodata.EDMA_HandleIRQ.str1.4
                0x00003ff0       0x21 ./drivers/fsl_edma.o
 *fill*         0x00004011        0x3 ff
 .rodata.ENET_GetInstance.str1.4
                0x00004014       0x34 ./drivers/fsl_enet.o
 .rodata.CAN0_DriverIRQHandler.str1.4
                0x00004048       0x30 ./drivers/fsl_flexcan.o
 .rodata.s_portBases
                0x00004078       0x14 ./drivers/fsl_gpio.o
 .rodata.s_gpioBases
                0x0000408c       0x14 ./drivers/fsl_gpio.o
 .rodata.GPIO_GetInstance.str1.4
                0x000040a0       0x33 ./drivers/fsl_gpio.o
 *fill*         0x000040d3        0x1 ff
 .rodata.GPIO_PinInit.str1.4
                0x000040d4       0x20 ./drivers/fsl_gpio.o
 .rodata.s_i2cDividerTable
                0x000040f4       0x80 ./drivers/fsl_i2c.o
 .rodata.s_i2cIrqs
                0x00004174        0x3 ./drivers/fsl_i2c.o
 *fill*         0x00004177        0x1 ff
 .rodata.s_i2cClocks
                0x00004178        0xc ./drivers/fsl_i2c.o
 .rodata.s_i2cBases
                0x00004184        0xc ./drivers/fsl_i2c.o
 .rodata.I2C_GetInstance.str1.4
                0x00004190       0x32 ./drivers/fsl_i2c.o
 *fill*         0x000041c2        0x2 ff
 .rodata.I2C_MasterTransferRunStateMachine.str1.4
                0x000041c4       0x16 ./drivers/fsl_i2c.o
 *fill*         0x000041da        0x2 ff
 .rodata.I2C_MasterInit.str1.4
                0x000041dc       0x4a ./drivers/fsl_i2c.o
 *fill*         0x00004226        0x2 ff
 .rodata.I2C_MasterGetDefaultConfig.str1.4
                0x00004228       0x25 ./drivers/fsl_i2c.o
 *fill*         0x0000424d        0x3 ff
 .rodata.I2C_MasterTransferCreateHandle.str1.4
                0x00004250       0x20 ./drivers/fsl_i2c.o
 .rodata.I2C_MasterTransferNonBlocking.str1.4
                0x00004270       0x3e ./drivers/fsl_i2c.o
 *fill*         0x000042ae        0x2 ff
 .rodata.I2C_MasterTransferHandleIRQ.str1.4
                0x000042b0       0x23 ./drivers/fsl_i2c.o
 *fill*         0x000042d3        0x1 ff
 .rodata.I2S0_Tx_DriverIRQHandler.str1.4
                0x000042d4       0x2b ./drivers/fsl_sai.o
 *fill*         0x000042ff        0x1 ff
 .rodata.I2S0_Rx_DriverIRQHandler.str1.4
                0x00004300       0x2b ./drivers/fsl_sai.o
 *fill*         0x0000432b        0x1 ff
 .rodata.SDHC_DriverIRQHandler.str1.4
                0x0000432c       0x2a ./drivers/fsl_sdhc.o
 *fill*         0x00004356        0x2 ff
 .rodata.__num_Ciob_streams
                0x00004358        0x4 /Applications/MCUXpressoIDE_11.9.0_2144/ide/plugins/com.nxp.mcuxpresso.tools.macosx_11.9.0.202307121226/tools/bin/../lib/gcc/arm-none-eabi/12.3.1/../../../../arm-none-eabi/lib/thumb/v7e-m+fp/hard/libcr_semihost_nf.a(__ciob.o)
                0x00004358                __num_Ciob_streams
 .rodata.__assertion_failed.str1.1
                0x0000435c       0x15 /Applications/MCUXpressoIDE_11.9.0_2144/ide/plugins/com.nxp.mcuxpresso.tools.macosx_11.9.0.202307121226/tools/bin/../lib/gcc/arm-none-eabi/12.3.1/../../../../arm-none-eabi/lib/thumb/v7e-m+fp/hard/libcr_semihost_nf.a(_cr_assert.o)
 .rodata._Csys_alloc.str1.1
                0x00004371       0x18 /Applications/MCUXpressoIDE_11.9.0_2144/ide/plugins/com.nxp.mcuxpresso.tools.macosx_11.9.0.202307121226/tools/bin/../lib/gcc/arm-none-eabi/12.3.1/../../../../arm-none-eabi/lib/thumb/v7e-m+fp/hard/libcr_c.a(alloc.o)
 .rodata._initio.str1.1
                0x00004389        0x4 /Applications/MCUXpressoIDE_11.9.0_2144/ide/plugins/com.nxp.mcuxpresso.tools.macosx_11.9.0.202307121226/tools/bin/../lib/gcc/arm-none-eabi/12.3.1/../../../../arm-none-eabi/lib/thumb/v7e-m+fp/hard/libcr_c.a(initio.o)
 .rodata.__vfprintf.str1.1
                0x0000438d       0x35 /Applications/MCUXpressoIDE_11.9.0_2144/ide/plugins/com.nxp.mcuxpresso.tools.macosx_11.9.0.202307121226/tools/bin/../lib/gcc/arm-none-eabi/12.3.1/../../../../arm-none-eabi/lib/thumb/v7e-m+fp/hard/libcr_c.a(printf.o)
                                 0x38 (size before relaxing)
                0x000043c8                        . = ALIGN (0x8)
 *fill*         0x000043c2        0x6 ff

.glue_7         0x000043c8        0x0
 .glue_7        0x000043c8        0x0 linker stubs

.glue_7t        0x000043c8        0x0
 .glue_7t       0x000043c8        0x0 linker stubs

.vfp11_veneer   0x000043c8        0x0
 .vfp11_veneer  0x000043c8        0x0 linker stubs

.v4_bx          0x000043c8        0x0
 .v4_bx         0x000043c8        0x0 linker stubs

.iplt           0x000043c8        0x0
 .iplt          0x000043c8        0x0 ./startup/startup_mk64f12.o

.rel.dyn        0x000043c8        0x0
 .rel.iplt      0x000043c8        0x0 ./startup/startup_mk64f12.o

.ARM.extab
 *(SORT_BY_ALIGNMENT(.ARM.extab*) SORT_BY_ALIGNMENT(.gnu.linkonce.armextab.*))

.ARM.exidx      0x000043c8        0x0
                0x000043c8                        __exidx_start = .
 *(SORT_BY_ALIGNMENT(.ARM.exidx*) SORT_BY_ALIGNMENT(.gnu.linkonce.armexidx.*))
                0x000043c8                        __exidx_end = .
                0x000043c8                        _etext = .

.m_usb_data
 *(SORT_BY_ALIGNMENT(m_usb_bdt))

.data_RAM2      0x1fff0000        0x0 load address 0x000043c8
 FILL mask 0xff
                [!provide]                        PROVIDE (__start_data_RAM2 = .)
                [!provide]                        PROVIDE (__start_data_SRAM_LOWER = .)
 *(SORT_BY_ALIGNMENT(.ramfunc.$RAM2))
 *(SORT_BY_ALIGNMENT(.ramfunc.$SRAM_LOWER))
 *(SORT_BY_ALIGNMENT(.data.$RAM2))
 *(SORT_BY_ALIGNMENT(.data.$SRAM_LOWER))
 *(SORT_BY_ALIGNMENT(.data.$RAM2.*))
 *(SORT_BY_ALIGNMENT(.data.$SRAM_LOWER.*))
                0x1fff0000                        . = ALIGN (0x8)
                [!provide]                        PROVIDE (__end_data_RAM2 = .)
                [!provide]                        PROVIDE (__end_data_SRAM_LOWER = .)

.data_RAM3      0x14000000        0x0 load address 0x000043c8
 FILL mask 0xff
                [!provide]                        PROVIDE (__start_data_RAM3 = .)
                [!provide]                        PROVIDE (__start_data_FLEX_RAM = .)
 *(SORT_BY_ALIGNMENT(.ramfunc.$RAM3))
 *(SORT_BY_ALIGNMENT(.ramfunc.$FLEX_RAM))
 *(SORT_BY_ALIGNMENT(.data.$RAM3))
 *(SORT_BY_ALIGNMENT(.data.$FLEX_RAM))
 *(SORT_BY_ALIGNMENT(.data.$RAM3.*))
 *(SORT_BY_ALIGNMENT(.data.$FLEX_RAM.*))
                0x14000000                        . = ALIGN (0x8)
                [!provide]                        PROVIDE (__end_data_RAM3 = .)
                [!provide]                        PROVIDE (__end_data_FLEX_RAM = .)

.uninit_RESERVED
                0x20000000        0x0
                0x20000000                        _start_uninit_RESERVED = .
 *(SORT_BY_ALIGNMENT(.bss.$RESERVED*))
                0x20000000                        . = ALIGN (0x8)
                0x20000000                        _end_uninit_RESERVED = .

.data           0x20000000        0x8 load address 0x000043c8
 FILL mask 0xff
                0x20000000                        _data = .
                [!provide]                        PROVIDE (__start_data_RAM = .)
                [!provide]                        PROVIDE (__start_data_SRAM_UPPER = .)
 *(SORT_BY_ALIGNMENT(vtable))
 *(SORT_BY_ALIGNMENT(.ramfunc*))
 *(SORT_BY_ALIGNMENT(CodeQuickAccess))
 *(SORT_BY_ALIGNMENT(DataQuickAccess))
 *(SORT_BY_ALIGNMENT(RamFunction))
 *(SORT_BY_ALIGNMENT(.data*))
 .data.s_slowIrcFreq
                0x20000000        0x4 ./drivers/fsl_clock.o
 .data.s_fastIrcFreq
                0x20000004        0x4 ./drivers/fsl_clock.o
                0x20000008                        . = ALIGN (0x8)
                0x20000008                        _edata = .
                [!provide]                        PROVIDE (__end_data_RAM = .)
                [!provide]                        PROVIDE (__end_data_SRAM_UPPER = .)

.igot.plt       0x20000008        0x0 load address 0x000043d0
 .igot.plt      0x20000008        0x0 ./startup/startup_mk64f12.o

.bss_RAM2       0x1fff0000        0x0
                [!provide]                        PROVIDE (__start_bss_RAM2 = .)
                [!provide]                        PROVIDE (__start_bss_SRAM_LOWER = .)
 *(SORT_BY_ALIGNMENT(.bss.$RAM2))
 *(SORT_BY_ALIGNMENT(.bss.$SRAM_LOWER))
 *(SORT_BY_ALIGNMENT(.bss.$RAM2.*))
 *(SORT_BY_ALIGNMENT(.bss.$SRAM_LOWER.*))
                0x1fff0000                        . = ALIGN ((. != 0x0)?0x8:0x1)
                [!provide]                        PROVIDE (__end_bss_RAM2 = .)
                [!provide]                        PROVIDE (__end_bss_SRAM_LOWER = .)

.bss_RAM3       0x14000000        0x0
                [!provide]                        PROVIDE (__start_bss_RAM3 = .)
                [!provide]                        PROVIDE (__start_bss_FLEX_RAM = .)
 *(SORT_BY_ALIGNMENT(.bss.$RAM3))
 *(SORT_BY_ALIGNMENT(.bss.$FLEX_RAM))
 *(SORT_BY_ALIGNMENT(.bss.$RAM3.*))
 *(SORT_BY_ALIGNMENT(.bss.$FLEX_RAM.*))
                0x14000000                        . = ALIGN ((. != 0x0)?0x8:0x1)
                [!provide]                        PROVIDE (__end_bss_RAM3 = .)
                [!provide]                        PROVIDE (__end_bss_FLEX_RAM = .)

.bss            0x20000008      0x1c0
                0x20000008                        _bss = .
                [!provide]                        PROVIDE (__start_bss_RAM = .)
                [!provide]                        PROVIDE (__start_bss_SRAM_UPPER = .)
 *(SORT_BY_ALIGNMENT(.bss*))
 .bss.gpio_A_callback
                0x20000008        0x4 ./source/gpio.o
 .bss.gpio_B_callback
                0x2000000c        0x4 ./source/gpio.o
 .bss.gpio_C_callback
                0x20000010        0x4 ./source/gpio.o
 .bss.gpio_D_callback
                0x20000014        0x4 ./source/gpio.o
 .bss.g_m_handle
                0x20000018       0x28 ./source/i2c.o
                0x20000018                g_m_handle
 .bss.g_xtal0Freq
                0x20000040        0x4 ./drivers/fsl_clock.o
                0x20000040                g_xtal0Freq
 .bss.g_xtal32Freq
                0x20000044        0x4 ./drivers/fsl_clock.o
                0x20000044                g_xtal32Freq
 .bss.g_dspiHandle
                0x20000048        0xc ./drivers/fsl_dspi.o
 .bss.s_dspiMasterIsr
                0x20000054        0x4 ./drivers/fsl_dspi.o
 .bss.s_dspiSlaveIsr
                0x20000058        0x4 ./drivers/fsl_dspi.o
 .bss.s_EDMAHandle
                0x2000005c       0x40 ./drivers/fsl_edma.o
 .bss.s_ENETHandle
                0x2000009c        0x4 ./drivers/fsl_enet.o
 .bss.s_enetTxIsr
                0x200000a0        0x4 ./drivers/fsl_enet.o
 .bss.s_enetRxIsr
                0x200000a4        0x4 ./drivers/fsl_enet.o
 .bss.s_enetErrIsr
                0x200000a8        0x4 ./drivers/fsl_enet.o
 .bss.s_enet1588TimerIsr
                0x200000ac        0x4 ./drivers/fsl_enet.o
 .bss.s_flexcanHandle
                0x200000b0        0x4 ./drivers/fsl_flexcan.o
 .bss.s_flexcanIsr
                0x200000b4        0x4 ./drivers/fsl_flexcan.o
 .bss.s_i2cHandle
                0x200000b8        0xc ./drivers/fsl_i2c.o
 .bss.s_i2cMasterIsr
                0x200000c4        0x4 ./drivers/fsl_i2c.o
 .bss.s_i2cSlaveIsr
                0x200000c8        0x4 ./drivers/fsl_i2c.o
 .bss.s_saiHandle
                0x200000cc        0x8 ./drivers/fsl_sai.o
 .bss.s_saiTxIsr
                0x200000d4        0x4 ./drivers/fsl_sai.o
 .bss.s_saiRxIsr
                0x200000d8        0x4 ./drivers/fsl_sai.o
 .bss.s_sdhcHandle
                0x200000dc        0x4 ./drivers/fsl_sdhc.o
 .bss.s_sdhcIsr
                0x200000e0        0x4 ./drivers/fsl_sdhc.o
 .bss.s_uartHandle
                0x200000e4       0x18 ./drivers/fsl_uart.o
                0x200000e4                s_uartHandle
 .bss.s_uartIsr
                0x200000fc        0x4 ./drivers/fsl_uart.o
                0x200000fc                s_uartIsr
 .bss.__Ciob    0x20000100       0xb4 /Applications/MCUXpressoIDE_11.9.0_2144/ide/plugins/com.nxp.mcuxpresso.tools.macosx_11.9.0.202307121226/tools/bin/../lib/gcc/arm-none-eabi/12.3.1/../../../../arm-none-eabi/lib/thumb/v7e-m+fp/hard/libcr_semihost_nf.a(__ciob.o)
                0x20000100                __Ciob
 .bss.errno     0x200001b4        0x4 /Applications/MCUXpressoIDE_11.9.0_2144/ide/plugins/com.nxp.mcuxpresso.tools.macosx_11.9.0.202307121226/tools/bin/../lib/gcc/arm-none-eabi/12.3.1/../../../../arm-none-eabi/lib/thumb/v7e-m+fp/hard/libcr_c.a(errno.o)
                0x200001b4                errno
 .bss.__end_of_heap
                0x200001b8        0x4 /Applications/MCUXpressoIDE_11.9.0_2144/ide/plugins/com.nxp.mcuxpresso.tools.macosx_11.9.0.202307121226/tools/bin/../lib/gcc/arm-none-eabi/12.3.1/../../../../arm-none-eabi/lib/thumb/v7e-m+fp/hard/libcr_c.a(__init_alloc.o)
                0x200001b8                __end_of_heap
 .bss.__heaps   0x200001bc        0x4 /Applications/MCUXpressoIDE_11.9.0_2144/ide/plugins/com.nxp.mcuxpresso.tools.macosx_11.9.0.202307121226/tools/bin/../lib/gcc/arm-none-eabi/12.3.1/../../../../arm-none-eabi/lib/thumb/v7e-m+fp/hard/libcr_c.a(__init_alloc.o)
                0x200001bc                __heaps
 .bss.completionFlag
                0x200001c0        0x1 ./source/i2c.o
                0x200001c0                completionFlag
 *(SORT_BY_ALIGNMENT(COMMON))
                0x200001c8                        . = ALIGN (0x8)
 *fill*         0x200001c1        0x7 
                0x200001c8                        _ebss = .
                [!provide]                        PROVIDE (__end_bss_RAM = .)
                [!provide]                        PROVIDE (__end_bss_SRAM_UPPER = .)
                [!provide]                        PROVIDE (end = .)

.noinit_RAM2    0x1fff0000        0x0
                [!provide]                        PROVIDE (__start_noinit_RAM2 = .)
                [!provide]                        PROVIDE (__start_noinit_SRAM_LOWER = .)
 *(SORT_BY_ALIGNMENT(.noinit.$RAM2))
 *(SORT_BY_ALIGNMENT(.noinit.$SRAM_LOWER))
 *(SORT_BY_ALIGNMENT(.noinit.$RAM2.*))
 *(SORT_BY_ALIGNMENT(.noinit.$SRAM_LOWER.*))
                0x1fff0000                        . = ALIGN (0x8)
                [!provide]                        PROVIDE (__end_noinit_RAM2 = .)
                [!provide]                        PROVIDE (__end_noinit_SRAM_LOWER = .)

.noinit_RAM3    0x14000000        0x0
                [!provide]                        PROVIDE (__start_noinit_RAM3 = .)
                [!provide]                        PROVIDE (__start_noinit_FLEX_RAM = .)
 *(SORT_BY_ALIGNMENT(.noinit.$RAM3))
 *(SORT_BY_ALIGNMENT(.noinit.$FLEX_RAM))
 *(SORT_BY_ALIGNMENT(.noinit.$RAM3.*))
 *(SORT_BY_ALIGNMENT(.noinit.$FLEX_RAM.*))
                0x14000000                        . = ALIGN (0x8)
                [!provide]                        PROVIDE (__end_noinit_RAM3 = .)
                [!provide]                        PROVIDE (__end_noinit_FLEX_RAM = .)

.noinit         0x200001c8        0x0
                0x200001c8                        _noinit = .
                [!provide]                        PROVIDE (__start_noinit_RAM = .)
                [!provide]                        PROVIDE (__start_noinit_SRAM_UPPER = .)
 *(SORT_BY_ALIGNMENT(.noinit*))
                0x200001c8                        . = ALIGN (0x8)
                0x200001c8                        _end_noinit = .
                [!provide]                        PROVIDE (__end_noinit_RAM = .)
                [!provide]                        PROVIDE (__end_noinit_SRAM_UPPER = .)
                0x00001000                        _HeapSize = 0x1000

.heap           0x200001c8     0x1000
                0x200001c8                        _pvHeapStart = .
                0x200011c8                        . = (. + _HeapSize)
 *fill*         0x200001c8     0x1000 
                0x200011c8                        . = ALIGN (0x8)
                0x200011c8                        _pvHeapLimit = .
                0x00001000                        _StackSize = 0x1000

.heap2stackfill
                0x200011c8     0x1000
                0x200021c8                        . = (. + _StackSize)
 *fill*         0x200011c8     0x1000 

.stack          0x2002f000        0x0
                0x2002f000                        _vStackBase = .
                0x2002f000                        . = ALIGN (0x8)
                0x20030000                        _vStackTop = (. + _StackSize)
                0x00000000                        _image_start = LOADADDR (.text)
                0x000043d0                        _image_end = (LOADADDR (.data) + SIZEOF (.data))
                0x000043d0                        _image_size = (_image_end - _image_start)
OUTPUT(Accelerometer.axf elf32-littlearm)
LOAD linker stubs

.debug_info     0x00000000    0x1d1bb
 .debug_info    0x00000000      0xcfa ./startup/startup_mk64f12.o
 .debug_info    0x00000cfa      0x1c0 ./source/accelerometer.o
 .debug_info    0x00000eba     0x105d ./source/gpio.o
 .debug_info    0x00001f17      0x939 ./source/i2c.o
 .debug_info    0x00002850      0x214 ./source/main.o
 .debug_info    0x00002a64       0x3c ./source/semihost_hardfault.o
 .debug_info    0x00002aa0     0x21e2 ./drivers/fsl_clock.o
 .debug_info    0x00004c82      0x10d ./drivers/fsl_common_arm.o
 .debug_info    0x00004d8f     0x2616 ./drivers/fsl_dspi.o
 .debug_info    0x000073a5     0x23fa ./drivers/fsl_edma.o
 .debug_info    0x0000979f     0x39a0 ./drivers/fsl_enet.o
 .debug_info    0x0000d13f     0x2505 ./drivers/fsl_flexcan.o
 .debug_info    0x0000f644      0x6bb ./drivers/fsl_gpio.o
 .debug_info    0x0000fcff     0x1ed1 ./drivers/fsl_i2c.o
 .debug_info    0x00011bd0     0x2f4e ./drivers/fsl_sai.o
 .debug_info    0x00014b1e     0x2255 ./drivers/fsl_sdhc.o
 .debug_info    0x00016d73     0x1fcf ./drivers/fsl_uart.o
 .debug_info    0x00018d42      0x649 ./device/system_MK64F12.o
 .debug_info    0x0001938b       0x85 /Applications/MCUXpressoIDE_11.9.0_2144/ide/plugins/com.nxp.mcuxpresso.tools.macosx_11.9.0.202307121226/tools/bin/../lib/gcc/arm-none-eabi/12.3.1/../../../../arm-none-eabi/lib/thumb/v7e-m+fp/hard/libcr_semihost_nf.a(_cr__main.o)
 .debug_info    0x00019410      0x22e /Applications/MCUXpressoIDE_11.9.0_2144/ide/plugins/com.nxp.mcuxpresso.tools.macosx_11.9.0.202307121226/tools/bin/../lib/gcc/arm-none-eabi/12.3.1/../../../../arm-none-eabi/lib/thumb/v7e-m+fp/hard/libcr_semihost_nf.a(_cr_assert.o)
 .debug_info    0x0001963e      0x18b /Applications/MCUXpressoIDE_11.9.0_2144/ide/plugins/com.nxp.mcuxpresso.tools.macosx_11.9.0.202307121226/tools/bin/../lib/gcc/arm-none-eabi/12.3.1/../../../../arm-none-eabi/lib/thumb/v7e-m+fp/hard/libcr_semihost_nf.a(__ciob.o)
 .debug_info    0x000197c9       0xe3 /Applications/MCUXpressoIDE_11.9.0_2144/ide/plugins/com.nxp.mcuxpresso.tools.macosx_11.9.0.202307121226/tools/bin/../lib/gcc/arm-none-eabi/12.3.1/../../../../arm-none-eabi/lib/thumb/v7e-m+fp/hard/libcr_c.a(memset.o)
 .debug_info    0x000198ac      0x362 /Applications/MCUXpressoIDE_11.9.0_2144/ide/plugins/com.nxp.mcuxpresso.tools.macosx_11.9.0.202307121226/tools/bin/../lib/gcc/arm-none-eabi/12.3.1/../../../../arm-none-eabi/lib/thumb/v7e-m+fp/hard/libcr_c.a(_deferredlazyseek.o)
 .debug_info    0x00019c0e      0x1e3 /Applications/MCUXpressoIDE_11.9.0_2144/ide/plugins/com.nxp.mcuxpresso.tools.macosx_11.9.0.202307121226/tools/bin/../lib/gcc/arm-none-eabi/12.3.1/../../../../arm-none-eabi/lib/thumb/v7e-m+fp/hard/libcr_c.a(_fflush.o)
 .debug_info    0x00019df1      0x282 /Applications/MCUXpressoIDE_11.9.0_2144/ide/plugins/com.nxp.mcuxpresso.tools.macosx_11.9.0.202307121226/tools/bin/../lib/gcc/arm-none-eabi/12.3.1/../../../../arm-none-eabi/lib/thumb/v7e-m+fp/hard/libcr_c.a(_writebuf.o)
 .debug_info    0x0001a073      0x506 /Applications/MCUXpressoIDE_11.9.0_2144/ide/plugins/com.nxp.mcuxpresso.tools.macosx_11.9.0.202307121226/tools/bin/../lib/gcc/arm-none-eabi/12.3.1/../../../../arm-none-eabi/lib/thumb/v7e-m+fp/hard/libcr_c.a(alloc.o)
 .debug_info    0x0001a579       0x44 /Applications/MCUXpressoIDE_11.9.0_2144/ide/plugins/com.nxp.mcuxpresso.tools.macosx_11.9.0.202307121226/tools/bin/../lib/gcc/arm-none-eabi/12.3.1/../../../../arm-none-eabi/lib/thumb/v7e-m+fp/hard/libcr_c.a(errno.o)
 .debug_info    0x0001a5bd      0x1e0 /Applications/MCUXpressoIDE_11.9.0_2144/ide/plugins/com.nxp.mcuxpresso.tools.macosx_11.9.0.202307121226/tools/bin/../lib/gcc/arm-none-eabi/12.3.1/../../../../arm-none-eabi/lib/thumb/v7e-m+fp/hard/libcr_c.a(fputs.o)
 .debug_info    0x0001a79d      0x276 /Applications/MCUXpressoIDE_11.9.0_2144/ide/plugins/com.nxp.mcuxpresso.tools.macosx_11.9.0.202307121226/tools/bin/../lib/gcc/arm-none-eabi/12.3.1/../../../../arm-none-eabi/lib/thumb/v7e-m+fp/hard/libcr_c.a(fseek.o)
 .debug_info    0x0001aa13      0x190 /Applications/MCUXpressoIDE_11.9.0_2144/ide/plugins/com.nxp.mcuxpresso.tools.macosx_11.9.0.202307121226/tools/bin/../lib/gcc/arm-none-eabi/12.3.1/../../../../arm-none-eabi/lib/thumb/v7e-m+fp/hard/libcr_c.a(ftell.o)
 .debug_info    0x0001aba3      0x339 /Applications/MCUXpressoIDE_11.9.0_2144/ide/plugins/com.nxp.mcuxpresso.tools.macosx_11.9.0.202307121226/tools/bin/../lib/gcc/arm-none-eabi/12.3.1/../../../../arm-none-eabi/lib/thumb/v7e-m+fp/hard/libcr_c.a(initio.o)
 .debug_info    0x0001aedc     0x1268 /Applications/MCUXpressoIDE_11.9.0_2144/ide/plugins/com.nxp.mcuxpresso.tools.macosx_11.9.0.202307121226/tools/bin/../lib/gcc/arm-none-eabi/12.3.1/../../../../arm-none-eabi/lib/thumb/v7e-m+fp/hard/libcr_c.a(printf.o)
 .debug_info    0x0001c144      0x1f6 /Applications/MCUXpressoIDE_11.9.0_2144/ide/plugins/com.nxp.mcuxpresso.tools.macosx_11.9.0.202307121226/tools/bin/../lib/gcc/arm-none-eabi/12.3.1/../../../../arm-none-eabi/lib/thumb/v7e-m+fp/hard/libcr_c.a(setvbuf.o)
 .debug_info    0x0001c33a       0xda /Applications/MCUXpressoIDE_11.9.0_2144/ide/plugins/com.nxp.mcuxpresso.tools.macosx_11.9.0.202307121226/tools/bin/../lib/gcc/arm-none-eabi/12.3.1/../../../../arm-none-eabi/lib/thumb/v7e-m+fp/hard/libcr_c.a(strlen.o)
 .debug_info    0x0001c414       0xd4 /Applications/MCUXpressoIDE_11.9.0_2144/ide/plugins/com.nxp.mcuxpresso.tools.macosx_11.9.0.202307121226/tools/bin/../lib/gcc/arm-none-eabi/12.3.1/../../../../arm-none-eabi/lib/thumb/v7e-m+fp/hard/libcr_c.a(__init_alloc.o)
 .debug_info    0x0001c4e8      0x100 /Applications/MCUXpressoIDE_11.9.0_2144/ide/plugins/com.nxp.mcuxpresso.tools.macosx_11.9.0.202307121226/tools/bin/../lib/gcc/arm-none-eabi/12.3.1/../../../../arm-none-eabi/lib/thumb/v7e-m+fp/hard/libcr_c.a(_cr_sbrk.o)
 .debug_info    0x0001c5e8      0x244 /Applications/MCUXpressoIDE_11.9.0_2144/ide/plugins/com.nxp.mcuxpresso.tools.macosx_11.9.0.202307121226/tools/bin/../lib/gcc/arm-none-eabi/12.3.1/../../../../arm-none-eabi/lib/thumb/v7e-m+fp/hard/libcr_c.a(_fdopen.o)
 .debug_info    0x0001c82c      0x318 /Applications/MCUXpressoIDE_11.9.0_2144/ide/plugins/com.nxp.mcuxpresso.tools.macosx_11.9.0.202307121226/tools/bin/../lib/gcc/arm-none-eabi/12.3.1/../../../../arm-none-eabi/lib/thumb/v7e-m+fp/hard/libcr_c.a(fclose.o)
 .debug_info    0x0001cb44      0x202 /Applications/MCUXpressoIDE_11.9.0_2144/ide/plugins/com.nxp.mcuxpresso.tools.macosx_11.9.0.202307121226/tools/bin/../lib/gcc/arm-none-eabi/12.3.1/../../../../arm-none-eabi/lib/thumb/v7e-m+fp/hard/libcr_c.a(fflush.o)
 .debug_info    0x0001cd46      0x1ca /Applications/MCUXpressoIDE_11.9.0_2144/ide/plugins/com.nxp.mcuxpresso.tools.macosx_11.9.0.202307121226/tools/bin/../lib/gcc/arm-none-eabi/12.3.1/../../../../arm-none-eabi/lib/thumb/v7e-m+fp/hard/libcr_c.a(remove.o)
 .debug_info    0x0001cf10       0x71 /Applications/MCUXpressoIDE_11.9.0_2144/ide/plugins/com.nxp.mcuxpresso.tools.macosx_11.9.0.202307121226/tools/bin/../lib/gcc/arm-none-eabi/12.3.1/../../../../arm-none-eabi/lib/thumb/v7e-m+fp/hard/libcr_c.a(_cr_check_heap.o)
 .debug_info    0x0001cf81      0x23a /Applications/MCUXpressoIDE_11.9.0_2144/ide/plugins/com.nxp.mcuxpresso.tools.macosx_11.9.0.202307121226/tools/bin/../lib/gcc/arm-none-eabi/12.3.1/../../../../arm-none-eabi/lib/thumb/v7e-m+fp/hard/libcr_c.a(_do_fflush.o)

.debug_abbrev   0x00000000     0x4798
 .debug_abbrev  0x00000000      0x17a ./startup/startup_mk64f12.o
 .debug_abbrev  0x0000017a      0x11f ./source/accelerometer.o
 .debug_abbrev  0x00000299      0x323 ./source/gpio.o
 .debug_abbrev  0x000005bc      0x1d3 ./source/i2c.o
 .debug_abbrev  0x0000078f      0x142 ./source/main.o
 .debug_abbrev  0x000008d1       0x31 ./source/semihost_hardfault.o
 .debug_abbrev  0x00000902      0x378 ./drivers/fsl_clock.o
 .debug_abbrev  0x00000c7a       0xba ./drivers/fsl_common_arm.o
 .debug_abbrev  0x00000d34      0x3b0 ./drivers/fsl_dspi.o
 .debug_abbrev  0x000010e4      0x3fa ./drivers/fsl_edma.o
 .debug_abbrev  0x000014de      0x428 ./drivers/fsl_enet.o
 .debug_abbrev  0x00001906      0x320 ./drivers/fsl_flexcan.o
 .debug_abbrev  0x00001c26      0x1a5 ./drivers/fsl_gpio.o
 .debug_abbrev  0x00001dcb      0x392 ./drivers/fsl_i2c.o
 .debug_abbrev  0x0000215d      0x306 ./drivers/fsl_sai.o
 .debug_abbrev  0x00002463      0x328 ./drivers/fsl_sdhc.o
 .debug_abbrev  0x0000278b      0x45d ./drivers/fsl_uart.o
 .debug_abbrev  0x00002be8      0x148 ./device/system_MK64F12.o
 .debug_abbrev  0x00002d30       0x70 /Applications/MCUXpressoIDE_11.9.0_2144/ide/plugins/com.nxp.mcuxpresso.tools.macosx_11.9.0.202307121226/tools/bin/../lib/gcc/arm-none-eabi/12.3.1/../../../../arm-none-eabi/lib/thumb/v7e-m+fp/hard/libcr_semihost_nf.a(_cr__main.o)
 .debug_abbrev  0x00002da0      0x12f /Applications/MCUXpressoIDE_11.9.0_2144/ide/plugins/com.nxp.mcuxpresso.tools.macosx_11.9.0.202307121226/tools/bin/../lib/gcc/arm-none-eabi/12.3.1/../../../../arm-none-eabi/lib/thumb/v7e-m+fp/hard/libcr_semihost_nf.a(_cr_assert.o)
 .debug_abbrev  0x00002ecf       0xb5 /Applications/MCUXpressoIDE_11.9.0_2144/ide/plugins/com.nxp.mcuxpresso.tools.macosx_11.9.0.202307121226/tools/bin/../lib/gcc/arm-none-eabi/12.3.1/../../../../arm-none-eabi/lib/thumb/v7e-m+fp/hard/libcr_semihost_nf.a(__ciob.o)
 .debug_abbrev  0x00002f84       0xa8 /Applications/MCUXpressoIDE_11.9.0_2144/ide/plugins/com.nxp.mcuxpresso.tools.macosx_11.9.0.202307121226/tools/bin/../lib/gcc/arm-none-eabi/12.3.1/../../../../arm-none-eabi/lib/thumb/v7e-m+fp/hard/libcr_c.a(memset.o)
 .debug_abbrev  0x0000302c      0x152 /Applications/MCUXpressoIDE_11.9.0_2144/ide/plugins/com.nxp.mcuxpresso.tools.macosx_11.9.0.202307121226/tools/bin/../lib/gcc/arm-none-eabi/12.3.1/../../../../arm-none-eabi/lib/thumb/v7e-m+fp/hard/libcr_c.a(_deferredlazyseek.o)
 .debug_abbrev  0x0000317e       0xf1 /Applications/MCUXpressoIDE_11.9.0_2144/ide/plugins/com.nxp.mcuxpresso.tools.macosx_11.9.0.202307121226/tools/bin/../lib/gcc/arm-none-eabi/12.3.1/../../../../arm-none-eabi/lib/thumb/v7e-m+fp/hard/libcr_c.a(_fflush.o)
 .debug_abbrev  0x0000326f      0x126 /Applications/MCUXpressoIDE_11.9.0_2144/ide/plugins/com.nxp.mcuxpresso.tools.macosx_11.9.0.202307121226/tools/bin/../lib/gcc/arm-none-eabi/12.3.1/../../../../arm-none-eabi/lib/thumb/v7e-m+fp/hard/libcr_c.a(_writebuf.o)
 .debug_abbrev  0x00003395      0x284 /Applications/MCUXpressoIDE_11.9.0_2144/ide/plugins/com.nxp.mcuxpresso.tools.macosx_11.9.0.202307121226/tools/bin/../lib/gcc/arm-none-eabi/12.3.1/../../../../arm-none-eabi/lib/thumb/v7e-m+fp/hard/libcr_c.a(alloc.o)
 .debug_abbrev  0x00003619       0x44 /Applications/MCUXpressoIDE_11.9.0_2144/ide/plugins/com.nxp.mcuxpresso.tools.macosx_11.9.0.202307121226/tools/bin/../lib/gcc/arm-none-eabi/12.3.1/../../../../arm-none-eabi/lib/thumb/v7e-m+fp/hard/libcr_c.a(errno.o)
 .debug_abbrev  0x0000365d      0x10c /Applications/MCUXpressoIDE_11.9.0_2144/ide/plugins/com.nxp.mcuxpresso.tools.macosx_11.9.0.202307121226/tools/bin/../lib/gcc/arm-none-eabi/12.3.1/../../../../arm-none-eabi/lib/thumb/v7e-m+fp/hard/libcr_c.a(fputs.o)
 .debug_abbrev  0x00003769      0x11b /Applications/MCUXpressoIDE_11.9.0_2144/ide/plugins/com.nxp.mcuxpresso.tools.macosx_11.9.0.202307121226/tools/bin/../lib/gcc/arm-none-eabi/12.3.1/../../../../arm-none-eabi/lib/thumb/v7e-m+fp/hard/libcr_c.a(fseek.o)
 .debug_abbrev  0x00003884       0xc2 /Applications/MCUXpressoIDE_11.9.0_2144/ide/plugins/com.nxp.mcuxpresso.tools.macosx_11.9.0.202307121226/tools/bin/../lib/gcc/arm-none-eabi/12.3.1/../../../../arm-none-eabi/lib/thumb/v7e-m+fp/hard/libcr_c.a(ftell.o)
 .debug_abbrev  0x00003946      0x169 /Applications/MCUXpressoIDE_11.9.0_2144/ide/plugins/com.nxp.mcuxpresso.tools.macosx_11.9.0.202307121226/tools/bin/../lib/gcc/arm-none-eabi/12.3.1/../../../../arm-none-eabi/lib/thumb/v7e-m+fp/hard/libcr_c.a(initio.o)
 .debug_abbrev  0x00003aaf      0x3ba /Applications/MCUXpressoIDE_11.9.0_2144/ide/plugins/com.nxp.mcuxpresso.tools.macosx_11.9.0.202307121226/tools/bin/../lib/gcc/arm-none-eabi/12.3.1/../../../../arm-none-eabi/lib/thumb/v7e-m+fp/hard/libcr_c.a(printf.o)
 .debug_abbrev  0x00003e69       0xe1 /Applications/MCUXpressoIDE_11.9.0_2144/ide/plugins/com.nxp.mcuxpresso.tools.macosx_11.9.0.202307121226/tools/bin/../lib/gcc/arm-none-eabi/12.3.1/../../../../arm-none-eabi/lib/thumb/v7e-m+fp/hard/libcr_c.a(setvbuf.o)
 .debug_abbrev  0x00003f4a       0xa7 /Applications/MCUXpressoIDE_11.9.0_2144/ide/plugins/com.nxp.mcuxpresso.tools.macosx_11.9.0.202307121226/tools/bin/../lib/gcc/arm-none-eabi/12.3.1/../../../../arm-none-eabi/lib/thumb/v7e-m+fp/hard/libcr_c.a(strlen.o)
 .debug_abbrev  0x00003ff1       0xaf /Applications/MCUXpressoIDE_11.9.0_2144/ide/plugins/com.nxp.mcuxpresso.tools.macosx_11.9.0.202307121226/tools/bin/../lib/gcc/arm-none-eabi/12.3.1/../../../../arm-none-eabi/lib/thumb/v7e-m+fp/hard/libcr_c.a(__init_alloc.o)
 .debug_abbrev  0x000040a0       0xd3 /Applications/MCUXpressoIDE_11.9.0_2144/ide/plugins/com.nxp.mcuxpresso.tools.macosx_11.9.0.202307121226/tools/bin/../lib/gcc/arm-none-eabi/12.3.1/../../../../arm-none-eabi/lib/thumb/v7e-m+fp/hard/libcr_c.a(_cr_sbrk.o)
 .debug_abbrev  0x00004173      0x119 /Applications/MCUXpressoIDE_11.9.0_2144/ide/plugins/com.nxp.mcuxpresso.tools.macosx_11.9.0.202307121226/tools/bin/../lib/gcc/arm-none-eabi/12.3.1/../../../../arm-none-eabi/lib/thumb/v7e-m+fp/hard/libcr_c.a(_fdopen.o)
 .debug_abbrev  0x0000428c      0x155 /Applications/MCUXpressoIDE_11.9.0_2144/ide/plugins/com.nxp.mcuxpresso.tools.macosx_11.9.0.202307121226/tools/bin/../lib/gcc/arm-none-eabi/12.3.1/../../../../arm-none-eabi/lib/thumb/v7e-m+fp/hard/libcr_c.a(fclose.o)
 .debug_abbrev  0x000043e1      0x125 /Applications/MCUXpressoIDE_11.9.0_2144/ide/plugins/com.nxp.mcuxpresso.tools.macosx_11.9.0.202307121226/tools/bin/../lib/gcc/arm-none-eabi/12.3.1/../../../../arm-none-eabi/lib/thumb/v7e-m+fp/hard/libcr_c.a(fflush.o)
 .debug_abbrev  0x00004506       0xfb /Applications/MCUXpressoIDE_11.9.0_2144/ide/plugins/com.nxp.mcuxpresso.tools.macosx_11.9.0.202307121226/tools/bin/../lib/gcc/arm-none-eabi/12.3.1/../../../../arm-none-eabi/lib/thumb/v7e-m+fp/hard/libcr_c.a(remove.o)
 .debug_abbrev  0x00004601       0x6b /Applications/MCUXpressoIDE_11.9.0_2144/ide/plugins/com.nxp.mcuxpresso.tools.macosx_11.9.0.202307121226/tools/bin/../lib/gcc/arm-none-eabi/12.3.1/../../../../arm-none-eabi/lib/thumb/v7e-m+fp/hard/libcr_c.a(_cr_check_heap.o)
 .debug_abbrev  0x0000466c      0x12c /Applications/MCUXpressoIDE_11.9.0_2144/ide/plugins/com.nxp.mcuxpresso.tools.macosx_11.9.0.202307121226/tools/bin/../lib/gcc/arm-none-eabi/12.3.1/../../../../arm-none-eabi/lib/thumb/v7e-m+fp/hard/libcr_c.a(_do_fflush.o)

.debug_loc      0x00000000     0x3120
 .debug_loc     0x00000000      0x1e7 ./startup/startup_mk64f12.o
 .debug_loc     0x000001e7       0x3f /Applications/MCUXpressoIDE_11.9.0_2144/ide/plugins/com.nxp.mcuxpresso.tools.macosx_11.9.0.202307121226/tools/bin/../lib/gcc/arm-none-eabi/12.3.1/../../../../arm-none-eabi/lib/thumb/v7e-m+fp/hard/libcr_semihost_nf.a(_cr_assert.o)
 .debug_loc     0x00000226       0x6f /Applications/MCUXpressoIDE_11.9.0_2144/ide/plugins/com.nxp.mcuxpresso.tools.macosx_11.9.0.202307121226/tools/bin/../lib/gcc/arm-none-eabi/12.3.1/../../../../arm-none-eabi/lib/thumb/v7e-m+fp/hard/libcr_c.a(memset.o)
 .debug_loc     0x00000295      0x1aa /Applications/MCUXpressoIDE_11.9.0_2144/ide/plugins/com.nxp.mcuxpresso.tools.macosx_11.9.0.202307121226/tools/bin/../lib/gcc/arm-none-eabi/12.3.1/../../../../arm-none-eabi/lib/thumb/v7e-m+fp/hard/libcr_c.a(_deferredlazyseek.o)
 .debug_loc     0x0000043f       0xfa /Applications/MCUXpressoIDE_11.9.0_2144/ide/plugins/com.nxp.mcuxpresso.tools.macosx_11.9.0.202307121226/tools/bin/../lib/gcc/arm-none-eabi/12.3.1/../../../../arm-none-eabi/lib/thumb/v7e-m+fp/hard/libcr_c.a(_fflush.o)
 .debug_loc     0x00000539      0x113 /Applications/MCUXpressoIDE_11.9.0_2144/ide/plugins/com.nxp.mcuxpresso.tools.macosx_11.9.0.202307121226/tools/bin/../lib/gcc/arm-none-eabi/12.3.1/../../../../arm-none-eabi/lib/thumb/v7e-m+fp/hard/libcr_c.a(_writebuf.o)
 .debug_loc     0x0000064c      0x7b2 /Applications/MCUXpressoIDE_11.9.0_2144/ide/plugins/com.nxp.mcuxpresso.tools.macosx_11.9.0.202307121226/tools/bin/../lib/gcc/arm-none-eabi/12.3.1/../../../../arm-none-eabi/lib/thumb/v7e-m+fp/hard/libcr_c.a(alloc.o)
 .debug_loc     0x00000dfe       0x75 /Applications/MCUXpressoIDE_11.9.0_2144/ide/plugins/com.nxp.mcuxpresso.tools.macosx_11.9.0.202307121226/tools/bin/../lib/gcc/arm-none-eabi/12.3.1/../../../../arm-none-eabi/lib/thumb/v7e-m+fp/hard/libcr_c.a(fputs.o)
 .debug_loc     0x00000e73       0xfb /Applications/MCUXpressoIDE_11.9.0_2144/ide/plugins/com.nxp.mcuxpresso.tools.macosx_11.9.0.202307121226/tools/bin/../lib/gcc/arm-none-eabi/12.3.1/../../../../arm-none-eabi/lib/thumb/v7e-m+fp/hard/libcr_c.a(fseek.o)
 .debug_loc     0x00000f6e       0x99 /Applications/MCUXpressoIDE_11.9.0_2144/ide/plugins/com.nxp.mcuxpresso.tools.macosx_11.9.0.202307121226/tools/bin/../lib/gcc/arm-none-eabi/12.3.1/../../../../arm-none-eabi/lib/thumb/v7e-m+fp/hard/libcr_c.a(ftell.o)
 .debug_loc     0x00001007       0x68 /Applications/MCUXpressoIDE_11.9.0_2144/ide/plugins/com.nxp.mcuxpresso.tools.macosx_11.9.0.202307121226/tools/bin/../lib/gcc/arm-none-eabi/12.3.1/../../../../arm-none-eabi/lib/thumb/v7e-m+fp/hard/libcr_c.a(initio.o)
 .debug_loc     0x0000106f     0x1ad2 /Applications/MCUXpressoIDE_11.9.0_2144/ide/plugins/com.nxp.mcuxpresso.tools.macosx_11.9.0.202307121226/tools/bin/../lib/gcc/arm-none-eabi/12.3.1/../../../../arm-none-eabi/lib/thumb/v7e-m+fp/hard/libcr_c.a(printf.o)
 .debug_loc     0x00002b41       0xf6 /Applications/MCUXpressoIDE_11.9.0_2144/ide/plugins/com.nxp.mcuxpresso.tools.macosx_11.9.0.202307121226/tools/bin/../lib/gcc/arm-none-eabi/12.3.1/../../../../arm-none-eabi/lib/thumb/v7e-m+fp/hard/libcr_c.a(setvbuf.o)
 .debug_loc     0x00002c37       0xdb /Applications/MCUXpressoIDE_11.9.0_2144/ide/plugins/com.nxp.mcuxpresso.tools.macosx_11.9.0.202307121226/tools/bin/../lib/gcc/arm-none-eabi/12.3.1/../../../../arm-none-eabi/lib/thumb/v7e-m+fp/hard/libcr_c.a(strlen.o)
 .debug_loc     0x00002d12       0x5c /Applications/MCUXpressoIDE_11.9.0_2144/ide/plugins/com.nxp.mcuxpresso.tools.macosx_11.9.0.202307121226/tools/bin/../lib/gcc/arm-none-eabi/12.3.1/../../../../arm-none-eabi/lib/thumb/v7e-m+fp/hard/libcr_c.a(_cr_sbrk.o)
 .debug_loc     0x00002d6e      0x121 /Applications/MCUXpressoIDE_11.9.0_2144/ide/plugins/com.nxp.mcuxpresso.tools.macosx_11.9.0.202307121226/tools/bin/../lib/gcc/arm-none-eabi/12.3.1/../../../../arm-none-eabi/lib/thumb/v7e-m+fp/hard/libcr_c.a(_fdopen.o)
 .debug_loc     0x00002e8f       0x73 /Applications/MCUXpressoIDE_11.9.0_2144/ide/plugins/com.nxp.mcuxpresso.tools.macosx_11.9.0.202307121226/tools/bin/../lib/gcc/arm-none-eabi/12.3.1/../../../../arm-none-eabi/lib/thumb/v7e-m+fp/hard/libcr_c.a(fclose.o)
 .debug_loc     0x00002f02       0xa2 /Applications/MCUXpressoIDE_11.9.0_2144/ide/plugins/com.nxp.mcuxpresso.tools.macosx_11.9.0.202307121226/tools/bin/../lib/gcc/arm-none-eabi/12.3.1/../../../../arm-none-eabi/lib/thumb/v7e-m+fp/hard/libcr_c.a(fflush.o)
 .debug_loc     0x00002fa4       0xc7 /Applications/MCUXpressoIDE_11.9.0_2144/ide/plugins/com.nxp.mcuxpresso.tools.macosx_11.9.0.202307121226/tools/bin/../lib/gcc/arm-none-eabi/12.3.1/../../../../arm-none-eabi/lib/thumb/v7e-m+fp/hard/libcr_c.a(remove.o)
 .debug_loc     0x0000306b       0x42 /Applications/MCUXpressoIDE_11.9.0_2144/ide/plugins/com.nxp.mcuxpresso.tools.macosx_11.9.0.202307121226/tools/bin/../lib/gcc/arm-none-eabi/12.3.1/../../../../arm-none-eabi/lib/thumb/v7e-m+fp/hard/libcr_c.a(_cr_check_heap.o)
 .debug_loc     0x000030ad       0x73 /Applications/MCUXpressoIDE_11.9.0_2144/ide/plugins/com.nxp.mcuxpresso.tools.macosx_11.9.0.202307121226/tools/bin/../lib/gcc/arm-none-eabi/12.3.1/../../../../arm-none-eabi/lib/thumb/v7e-m+fp/hard/libcr_c.a(_do_fflush.o)

.debug_aranges  0x00000000     0x1968
 .debug_aranges
                0x00000000      0x330 ./startup/startup_mk64f12.o
 .debug_aranges
                0x00000330       0x30 ./source/accelerometer.o
 .debug_aranges
                0x00000360       0xb0 ./source/gpio.o
 .debug_aranges
                0x00000410       0x38 ./source/i2c.o
 .debug_aranges
                0x00000448       0x20 ./source/main.o
 .debug_aranges
                0x00000468       0x20 ./source/semihost_hardfault.o
 .debug_aranges
                0x00000488      0x1f8 ./drivers/fsl_clock.o
 .debug_aranges
                0x00000680       0x28 ./drivers/fsl_common_arm.o
 .debug_aranges
                0x000006a8      0x1d8 ./drivers/fsl_dspi.o
 .debug_aranges
                0x00000880      0x1f8 ./drivers/fsl_edma.o
 .debug_aranges
                0x00000a78      0x220 ./drivers/fsl_enet.o
 .debug_aranges
                0x00000c98      0x1a8 ./drivers/fsl_flexcan.o
 .debug_aranges
                0x00000e40       0x40 ./drivers/fsl_gpio.o
 .debug_aranges
                0x00000e80      0x180 ./drivers/fsl_i2c.o
 .debug_aranges
                0x00001000      0x298 ./drivers/fsl_sai.o
 .debug_aranges
                0x00001298      0x170 ./drivers/fsl_sdhc.o
 .debug_aranges
                0x00001408      0x1b8 ./drivers/fsl_uart.o
 .debug_aranges
                0x000015c0       0x30 ./device/system_MK64F12.o
 .debug_aranges
                0x000015f0       0x20 /Applications/MCUXpressoIDE_11.9.0_2144/ide/plugins/com.nxp.mcuxpresso.tools.macosx_11.9.0.202307121226/tools/bin/../lib/gcc/arm-none-eabi/12.3.1/../../../../arm-none-eabi/lib/thumb/v7e-m+fp/hard/libcr_semihost_nf.a(_cr__main.o)
 .debug_aranges
                0x00001610       0x20 /Applications/MCUXpressoIDE_11.9.0_2144/ide/plugins/com.nxp.mcuxpresso.tools.macosx_11.9.0.202307121226/tools/bin/../lib/gcc/arm-none-eabi/12.3.1/../../../../arm-none-eabi/lib/thumb/v7e-m+fp/hard/libcr_semihost_nf.a(_cr_assert.o)
 .debug_aranges
                0x00001630       0x18 /Applications/MCUXpressoIDE_11.9.0_2144/ide/plugins/com.nxp.mcuxpresso.tools.macosx_11.9.0.202307121226/tools/bin/../lib/gcc/arm-none-eabi/12.3.1/../../../../arm-none-eabi/lib/thumb/v7e-m+fp/hard/libcr_semihost_nf.a(__ciob.o)
 .debug_aranges
                0x00001648       0x20 /Applications/MCUXpressoIDE_11.9.0_2144/ide/plugins/com.nxp.mcuxpresso.tools.macosx_11.9.0.202307121226/tools/bin/../lib/gcc/arm-none-eabi/12.3.1/../../../../arm-none-eabi/lib/thumb/v7e-m+fp/hard/libcr_c.a(memset.o)
 .debug_aranges
                0x00001668       0x28 /Applications/MCUXpressoIDE_11.9.0_2144/ide/plugins/com.nxp.mcuxpresso.tools.macosx_11.9.0.202307121226/tools/bin/../lib/gcc/arm-none-eabi/12.3.1/../../../../arm-none-eabi/lib/thumb/v7e-m+fp/hard/libcr_c.a(_deferredlazyseek.o)
 .debug_aranges
                0x00001690       0x20 /Applications/MCUXpressoIDE_11.9.0_2144/ide/plugins/com.nxp.mcuxpresso.tools.macosx_11.9.0.202307121226/tools/bin/../lib/gcc/arm-none-eabi/12.3.1/../../../../arm-none-eabi/lib/thumb/v7e-m+fp/hard/libcr_c.a(_fflush.o)
 .debug_aranges
                0x000016b0       0x20 /Applications/MCUXpressoIDE_11.9.0_2144/ide/plugins/com.nxp.mcuxpresso.tools.macosx_11.9.0.202307121226/tools/bin/../lib/gcc/arm-none-eabi/12.3.1/../../../../arm-none-eabi/lib/thumb/v7e-m+fp/hard/libcr_c.a(_writebuf.o)
 .debug_aranges
                0x000016d0       0x40 /Applications/MCUXpressoIDE_11.9.0_2144/ide/plugins/com.nxp.mcuxpresso.tools.macosx_11.9.0.202307121226/tools/bin/../lib/gcc/arm-none-eabi/12.3.1/../../../../arm-none-eabi/lib/thumb/v7e-m+fp/hard/libcr_c.a(alloc.o)
 .debug_aranges
                0x00001710       0x18 /Applications/MCUXpressoIDE_11.9.0_2144/ide/plugins/com.nxp.mcuxpresso.tools.macosx_11.9.0.202307121226/tools/bin/../lib/gcc/arm-none-eabi/12.3.1/../../../../arm-none-eabi/lib/thumb/v7e-m+fp/hard/libcr_c.a(errno.o)
 .debug_aranges
                0x00001728       0x20 /Applications/MCUXpressoIDE_11.9.0_2144/ide/plugins/com.nxp.mcuxpresso.tools.macosx_11.9.0.202307121226/tools/bin/../lib/gcc/arm-none-eabi/12.3.1/../../../../arm-none-eabi/lib/thumb/v7e-m+fp/hard/libcr_c.a(fputs.o)
 .debug_aranges
                0x00001748       0x20 /Applications/MCUXpressoIDE_11.9.0_2144/ide/plugins/com.nxp.mcuxpresso.tools.macosx_11.9.0.202307121226/tools/bin/../lib/gcc/arm-none-eabi/12.3.1/../../../../arm-none-eabi/lib/thumb/v7e-m+fp/hard/libcr_c.a(fseek.o)
 .debug_aranges
                0x00001768       0x20 /Applications/MCUXpressoIDE_11.9.0_2144/ide/plugins/com.nxp.mcuxpresso.tools.macosx_11.9.0.202307121226/tools/bin/../lib/gcc/arm-none-eabi/12.3.1/../../../../arm-none-eabi/lib/thumb/v7e-m+fp/hard/libcr_c.a(ftell.o)
 .debug_aranges
                0x00001788       0x28 /Applications/MCUXpressoIDE_11.9.0_2144/ide/plugins/com.nxp.mcuxpresso.tools.macosx_11.9.0.202307121226/tools/bin/../lib/gcc/arm-none-eabi/12.3.1/../../../../arm-none-eabi/lib/thumb/v7e-m+fp/hard/libcr_c.a(initio.o)
 .debug_aranges
                0x000017b0       0x70 /Applications/MCUXpressoIDE_11.9.0_2144/ide/plugins/com.nxp.mcuxpresso.tools.macosx_11.9.0.202307121226/tools/bin/../lib/gcc/arm-none-eabi/12.3.1/../../../../arm-none-eabi/lib/thumb/v7e-m+fp/hard/libcr_c.a(printf.o)
 .debug_aranges