/Users/elian/Documents/MCUXpresso/Workspace/Accelerometer/drivers/fsl_clock.h:668:20:CLOCK_EnableClock	24	static
/Users/elian/Documents/MCUXpresso/Workspace/Accelerometer/drivers/fsl_port.h:271:20:PORT_SetPinConfig	32	static
/Users/elian/Documents/MCUXpresso/Workspace/Accelerometer/drivers/fsl_port.h:374:20:PORT_SetPinMux	24	static
/Users/elian/Documents/MCUXpresso/Workspace/Accelerometer/drivers/fsl_port.h:443:20:PORT_SetPinInterruptConfig	24	static
../source/gpio.c:22:6:GPIO_callback_init	16	static
../source/gpio.c:47:6:GPIO_clear_irq_status	16	static
../source/gpio.c:72:9:GPIO_get_irq_status	24	static
../source/gpio.c:101:6:PORTA_IRQHandler	16	static
../source/gpio.c:117:6:PORTB_IRQHandler	16	static
../source/gpio.c:133:6:PORTC_IRQHandler	16	static
../source/gpio.c:149:6:PORTD_IRQHandler	16	static
../source/gpio.c:230:6:GPIO_init	8	static
../source/gpio.c:240:6:LED_init	8	static
../source/gpio.c:256:6:SW_init	8	static
../source/gpio.c:270:6:Accelerometer_port_init	8	static
../source/gpio.c:287:6:I2C_port_init	8	static
../source/gpio.c:304:6:JOYSTICK_port_init	8	static
../source/gpio.c:321:6:UART0_port_init	8	static
../source/gpio.c:331:6:UART4_port_init	8	static
